Component: ARM Compiler 5.06 update 6 (build 750) Tool: armlink [4d35ed]

==============================================================================

Section Cross References

    event_groups.o(i.vEventGroupClearBitsCallback) refers to event_groups.o(i.xEventGroupClearBits) for xEventGroupClearBits
    event_groups.o(i.vEventGroupDelete) refers to _printf_percent.o(.ARM.Collect$$_printf_percent$$00000000) for _printf_percent
    event_groups.o(i.vEventGroupDelete) refers to _printf_d.o(.ARM.Collect$$_printf_percent$$00000009) for _printf_d
    event_groups.o(i.vEventGroupDelete) refers to _printf_s.o(.ARM.Collect$$_printf_percent$$00000014) for _printf_s
    event_groups.o(i.vEventGroupDelete) refers to _printf_dec.o(.text) for _printf_int_dec
    event_groups.o(i.vEventGroupDelete) refers to _printf_str.o(.text) for _printf_str
    event_groups.o(i.vEventGroupDelete) refers to tasks.o(i.vTaskSuspendAll) for vTaskSuspendAll
    event_groups.o(i.vEventGroupDelete) refers to noretval__2printf.o(.text) for __2printf
    event_groups.o(i.vEventGroupDelete) refers to tasks.o(i.xTaskRemoveFromUnorderedEventList) for xTaskRemoveFromUnorderedEventList
    event_groups.o(i.vEventGroupDelete) refers to heap_4.o(i.vPortFree) for vPortFree
    event_groups.o(i.vEventGroupDelete) refers to tasks.o(i.xTaskResumeAll) for xTaskResumeAll
    event_groups.o(i.vEventGroupSetBitsCallback) refers to event_groups.o(i.xEventGroupSetBits) for xEventGroupSetBits
    event_groups.o(i.xEventGroupClearBits) refers to _printf_percent.o(.ARM.Collect$$_printf_percent$$00000000) for _printf_percent
    event_groups.o(i.xEventGroupClearBits) refers to _printf_d.o(.ARM.Collect$$_printf_percent$$00000009) for _printf_d
    event_groups.o(i.xEventGroupClearBits) refers to _printf_s.o(.ARM.Collect$$_printf_percent$$00000014) for _printf_s
    event_groups.o(i.xEventGroupClearBits) refers to _printf_dec.o(.text) for _printf_int_dec
    event_groups.o(i.xEventGroupClearBits) refers to _printf_str.o(.text) for _printf_str
    event_groups.o(i.xEventGroupClearBits) refers to noretval__2printf.o(.text) for __2printf
    event_groups.o(i.xEventGroupClearBits) refers to port.o(i.vPortEnterCritical) for vPortEnterCritical
    event_groups.o(i.xEventGroupClearBits) refers to port.o(i.vPortExitCritical) for vPortExitCritical
    event_groups.o(i.xEventGroupClearBitsFromISR) refers to timers.o(i.xTimerPendFunctionCallFromISR) for xTimerPendFunctionCallFromISR
    event_groups.o(i.xEventGroupClearBitsFromISR) refers to event_groups.o(i.vEventGroupClearBitsCallback) for vEventGroupClearBitsCallback
    event_groups.o(i.xEventGroupCreate) refers to heap_4.o(i.pvPortMalloc) for pvPortMalloc
    event_groups.o(i.xEventGroupCreate) refers to list.o(i.vListInitialise) for vListInitialise
    event_groups.o(i.xEventGroupSetBits) refers to _printf_percent.o(.ARM.Collect$$_printf_percent$$00000000) for _printf_percent
    event_groups.o(i.xEventGroupSetBits) refers to _printf_d.o(.ARM.Collect$$_printf_percent$$00000009) for _printf_d
    event_groups.o(i.xEventGroupSetBits) refers to _printf_s.o(.ARM.Collect$$_printf_percent$$00000014) for _printf_s
    event_groups.o(i.xEventGroupSetBits) refers to _printf_dec.o(.text) for _printf_int_dec
    event_groups.o(i.xEventGroupSetBits) refers to _printf_str.o(.text) for _printf_str
    event_groups.o(i.xEventGroupSetBits) refers to noretval__2printf.o(.text) for __2printf
    event_groups.o(i.xEventGroupSetBits) refers to tasks.o(i.vTaskSuspendAll) for vTaskSuspendAll
    event_groups.o(i.xEventGroupSetBits) refers to tasks.o(i.xTaskRemoveFromUnorderedEventList) for xTaskRemoveFromUnorderedEventList
    event_groups.o(i.xEventGroupSetBits) refers to tasks.o(i.xTaskResumeAll) for xTaskResumeAll
    event_groups.o(i.xEventGroupSetBitsFromISR) refers to timers.o(i.xTimerPendFunctionCallFromISR) for xTimerPendFunctionCallFromISR
    event_groups.o(i.xEventGroupSetBitsFromISR) refers to event_groups.o(i.vEventGroupSetBitsCallback) for vEventGroupSetBitsCallback
    event_groups.o(i.xEventGroupSync) refers to _printf_percent.o(.ARM.Collect$$_printf_percent$$00000000) for _printf_percent
    event_groups.o(i.xEventGroupSync) refers to _printf_d.o(.ARM.Collect$$_printf_percent$$00000009) for _printf_d
    event_groups.o(i.xEventGroupSync) refers to _printf_s.o(.ARM.Collect$$_printf_percent$$00000014) for _printf_s
    event_groups.o(i.xEventGroupSync) refers to _printf_dec.o(.text) for _printf_int_dec
    event_groups.o(i.xEventGroupSync) refers to _printf_str.o(.text) for _printf_str
    event_groups.o(i.xEventGroupSync) refers to noretval__2printf.o(.text) for __2printf
    event_groups.o(i.xEventGroupSync) refers to tasks.o(i.xTaskGetSchedulerState) for xTaskGetSchedulerState
    event_groups.o(i.xEventGroupSync) refers to tasks.o(i.vTaskSuspendAll) for vTaskSuspendAll
    event_groups.o(i.xEventGroupSync) refers to event_groups.o(i.xEventGroupSetBits) for xEventGroupSetBits
[...]
    SYSTEM\DELAY\delay.c                     0x00000000   Number         0  delay.o ABSOLUTE
    SYSTEM\UART\usart.c                      0x00000000   Number         0  usart.o ABSOLUTE
    SYSTEM\\DELAY\\delay.c                   0x00000000   Number         0  delay.o ABSOLUTE
    SYSTEM\\UART\\usart.c                    0x00000000   Number         0  usart.o ABSOLUTE
    USER\\main.c                             0x00000000   Number         0  main.o ABSOLUTE
    USER\main.c                              0x00000000   Number         0  main.o ABSOLUTE
    dc.s                                     0x00000000   Number         0  dc.o ABSOLUTE
    RESET                                    0x08000000   Section      392  startup_stm32f40_41xxx.o(RESET)
    !!!main                                  0x08000188   Section        8  __main.o(!!!main)
    !!!scatter                               0x08000190   Section       52  __scatter.o(!!!scatter)
    !!handler_copy                           0x080001c4   Section       26  __scatter_copy.o(!!handler_copy)
    !!handler_zi                             0x080001e0   Section       28  __scatter_zi.o(!!handler_zi)
    .ARM.Collect$$_printf_percent$$00000000  0x080001fc   Section        0  _printf_percent.o(.ARM.Collect$$_printf_percent$$00000000)
    .ARM.Collect$$_printf_percent$$00000009  0x080001fc   Section        6  _printf_d.o(.ARM.Collect$$_printf_percent$$00000009)
    .ARM.Collect$$_printf_percent$$00000014  0x08000202   Section        6  _printf_s.o(.ARM.Collect$$_printf_percent$$00000014)
    .ARM.Collect$$_printf_percent$$00000017  0x08000208   Section        4  _printf_percent_end.o(.ARM.Collect$$_printf_percent$$00000017)
    .ARM.Collect$$libinit$$00000000          0x0800020c   Section        2  libinit.o(.ARM.Collect$$libinit$$00000000)
    .ARM.Collect$$libinit$$00000001          0x0800020e   Section        4  libinit2.o(.ARM.Collect$$libinit$$00000001)
    .ARM.Collect$$libinit$$00000004          0x08000212   Section        0  libinit2.o(.ARM.Collect$$libinit$$00000004)
    .ARM.Collect$$libinit$$0000000A          0x08000212   Section        0  libinit2.o(.ARM.Collect$$libinit$$0000000A)
    .ARM.Collect$$libinit$$0000000C          0x08000212   Section        0  libinit2.o(.ARM.Collect$$libinit$$0000000C)
    .ARM.Collect$$libinit$$0000000E          0x08000212   Section        0  libinit2.o(.ARM.Collect$$libinit$$0000000E)
    .ARM.Collect$$libinit$$00000011          0x08000212   Section        0  libinit2.o(.ARM.Collect$$libinit$$00000011)
    .ARM.Collect$$libinit$$00000013          0x08000212   Section        0  libinit2.o(.ARM.Collect$$libinit$$00000013)
    .ARM.Collect$$libinit$$00000015          0x08000212   Section        0  libinit2.o(.ARM.Collect$$libinit$$00000015)
    .ARM.Collect$$libinit$$00000017          0x08000212   Section        0  libinit2.o(.ARM.Collect$$libinit$$00000017)
    .ARM.Collect$$libinit$$00000019          0x08000212   Section        0  libinit2.o(.ARM.Collect$$libinit$$00000019)
    .ARM.Collect$$libinit$$0000001B          0x08000212   Section        0  libinit2.o(.ARM.Collect$$libinit$$0000001B)
    .ARM.Collect$$libinit$$0000001D          0x08000212   Section        0  libinit2.o(.ARM.Collect$$libinit$$0000001D)
    .ARM.Collect$$libinit$$0000001F          0x08000212   Section        0  libinit2.o(.ARM.Collect$$libinit$$0000001F)
    .ARM.Collect$$libinit$$00000021          0x08000212   Section        0  libinit2.o(.ARM.Collect$$libinit$$00000021)
    .ARM.Collect$$libinit$$00000023          0x08000212   Section        0  libinit2.o(.ARM.Collect$$libinit$$00000023)
    .ARM.Collect$$libinit$$00000025          0x08000212   Section        0  libinit2.o(.ARM.Collect$$libinit$$00000025)
    .ARM.Collect$$libinit$$0000002C          0x08000212   Section        0  libinit2.o(.ARM.Collect$$libinit$$0000002C)
    .ARM.Collect$$libinit$$0000002E          0x08000212   Section        0  libinit2.o(.ARM.Collect$$libinit$$0000002E)
    .ARM.Collect$$libinit$$00000030          0x08000212   Section        0  libinit2.o(.ARM.Collect$$libinit$$00000030)
    .ARM.Collect$$libinit$$00000032          0x08000212   Section        0  libinit2.o(.ARM.Collect$$libinit$$00000032)
    .ARM.Collect$$libinit$$00000033          0x08000212   Section        2  libinit2.o(.ARM.Collect$$libinit$$00000033)
    .ARM.Collect$$libshutdown$$00000000      0x08000214   Section        2  libshutdown.o(.ARM.Collect$$libshutdown$$00000000)
    .ARM.Collect$$libshutdown$$00000002      0x08000216   Section        0  libshutdown2.o(.ARM.Collect$$libshutdown$$00000002)
    .ARM.Collect$$libshutdown$$00000004      0x08000216   Section        0  libshutdown2.o(.ARM.Collect$$libshutdown$$00000004)
    .ARM.Collect$$libshutdown$$00000007      0x08000216   Section        0  libshutdown2.o(.ARM.Collect$$libshutdown$$00000007)
    .ARM.Collect$$libshutdown$$0000000A      0x08000216   Section        0  libshutdown2.o(.ARM.Collect$$libshutdown$$0000000A)
    .ARM.Collect$$libshutdown$$0000000C      0x08000216   Section        0  libshutdown2.o(.ARM.Collect$$libshutdown$$0000000C)
    .ARM.Collect$$libshutdown$$0000000F      0x08000216   Section        0  libshutdown2.o(.ARM.Collect$$libshutdown$$0000000F)
    .ARM.Collect$$libshutdown$$00000010      0x08000216   Section        2  libshutdown2.o(.ARM.Collect$$libshutdown$$00000010)
    .ARM.Collect$$rtentry$$00000000          0x08000218   Section        0  __rtentry.o(.ARM.Collect$$rtentry$$00000000)
    .ARM.Collect$$rtentry$$00000002          0x08000218   Section        0  __rtentry2.o(.ARM.Collect$$rtentry$$00000002)
    .ARM.Collect$$rtentry$$00000004          0x08000218   Section        6  __rtentry4.o(.ARM.Collect$$rtentry$$00000004)
    .ARM.Collect$$rtentry$$00000009          0x0800021e   Section        0  __rtentry2.o(.ARM.Collect$$rtentry$$00000009)
    .ARM.Collect$$rtentry$$0000000A          0x0800021e   Section        4  __rtentry2.o(.ARM.Collect$$rtentry$$0000000A)
    .ARM.Collect$$rtentry$$0000000C          0x08000222   Section        0  __rtentry2.o(.ARM.Collect$$rtentry$$0000000C)
    .ARM.Collect$$rtentry$$0000000D          0x08000222   Section        8  __rtentry2.o(.ARM.Collect$$rtentry$$0000000D)
    .ARM.Collect$$rtexit$$00000000           0x0800022a   Section        2  rtexit.o(.ARM.Collect$$rtexit$$00000000)
    .ARM.Collect$$rtexit$$00000002           0x0800022c   Section        0  rtexit2.o(.ARM.Collect$$rtexit$$00000002)
    .ARM.Collect$$rtexit$$00000003           0x0800022c   Section        4  rtexit2.o(.ARM.Collect$$rtexit$$00000003)
    .ARM.Collect$$rtexit$$00000004           0x08000230   Section        6  rtexit2.o(.ARM.Collect$$rtexit$$00000004)
    .emb_text                                0x08000238   Section      182  port.o(.emb_text)
    $v0                                      0x08000238   Number         0  port.o(.emb_text)
    .text                                    0x080002f0   Section       64  startup_stm32f40_41xxx.o(.text)
    $v0                                      0x080002f0   Number         0  startup_stm32f40_41xxx.o(.text)
    .text                                    0x08000330   Section        2  use_no_semi_2.o(.text)
    .text                                    0x08000334   Section        0  noretval__2printf.o(.text)
    .text                                    0x0800034c   Section        0  __printf.o(.text)
    .text                                    0x080003b4   Section        0  _printf_str.o(.text)
    .text                                    0x08000408   Section        0  _printf_dec.o(.text)
    .text                                    0x08000480   Section      138  rt_memcpy_v6.o(.text)
    .text                                    0x0800050a   Section       16  aeabi_memset.o(.text)
    .text                                    0x0800051a   Section        0  heapauxi.o(.text)
    .text                                    0x08000520   Section        2  use_no_semi.o(.text)
    .text                                    0x08000522   Section        0  _printf_intcommon.o(.text)
    .text                                    0x080005d4   Section        0  _printf_char_common.o(.text)
    _printf_input_char                       0x080005d5   Thumb Code    10  _printf_char_common.o(.text)
    .text                                    0x08000604   Section        0  _printf_char.o(.text)
    .text                                    0x08000630   Section        0  _printf_char_file.o(.text)
    .text                                    0x08000654   Section      100  rt_memcpy_w.o(.text)
    .text                                    0x080006b8   Section       68  rt_memclr.o(.text)
    .text                                    0x080006fc   Section        0  ferror.o(.text)
    .text                                    0x08000704   Section       78  rt_memclr_w.o(.text)
    .text                                    0x08000752   Section       74  sys_stackheap_outer.o(.text)
    .text                                    0x0800079c   Section        0  exit.o(.text)
    .text                                    0x080007b0   Section        8  libspace.o(.text)
    i.AllKeyInit                             0x080007b8   Section        0  key_1.o(i.AllKeyInit)
    i.Delay_Init                             0x08000818   Section        0  delay.o(i.Delay_Init)
    i.EXTI0_IRQHandler                       0x08000834   Section        0  exti_1.o(i.EXTI0_IRQHandler)
    i.EXTI2_IRQHandler                       0x0800083e   Section        0  exti_1.o(i.EXTI2_IRQHandler)
    i.EXTI3_IRQHandler                       0x08000848   Section        0  exti_1.o(i.EXTI3_IRQHandler)
    i.EXTI4_IRQHandler                       0x08000852   Section        0  exti_1.o(i.EXTI4_IRQHandler)
    i.EXTI_ClearITPendingBit                 0x0800085c   Section        0  stm32f4xx_exti.o(i.EXTI_ClearITPendingBit)
    i.F_delay_ms                             0x08000868   Section        0  delay.o(i.F_delay_ms)
    i.F_delay_s                              0x080008a4   Section        0  delay.o(i.F_delay_s)
    i.GPIO_Init                              0x080008cc   Section        0  stm32f4xx_gpio.o(i.GPIO_Init)
    i.GPIO_PinAFConfig                       0x0800095c   Section        0  stm32f4xx_gpio.o(i.GPIO_PinAFConfig)
    i.GPIO_SetBits                           0x080009a2   Section        0  stm32f4xx_gpio.o(i.GPIO_SetBits)
    i.KEY_Scan                               0x080009a8   Section        0  key_1.o(i.KEY_Scan)
    i.Led_Init                               0x080009ec   Section        0  led_1.o(i.Led_Init)
    i.NVIC_Init                              0x08000a7c   Section        0  misc.o(i.NVIC_Init)
    i.NVIC_PriorityGroupConfig               0x08000af4   Section        0  misc.o(i.NVIC_PriorityGroupConfig)
    i.RCC_AHB1PeriphClockCmd                 0x08000b08   Section        0  stm32f4xx_rcc.o(i.RCC_AHB1PeriphClockCmd)
    i.RCC_APB2PeriphClockCmd                 0x08000b28   Section        0  stm32f4xx_rcc.o(i.RCC_APB2PeriphClockCmd)
    i.RCC_GetClocksFreq                      0x08000b48   Section        0  stm32f4xx_rcc.o(i.RCC_GetClocksFreq)
    i.SetSysClock                            0x08000c30   Section        0  system_stm32f4xx.o(i.SetSysClock)
    SetSysClock                              0x08000c31   Thumb Code   220  system_stm32f4xx.o(i.SetSysClock)
    i.SysTick_CLKSourceConfig                0x08000d1c   Section        0  misc.o(i.SysTick_CLKSourceConfig)
    i.SysTick_Handler                        0x08000d44   Section        0  delay.o(i.SysTick_Handler)
    i.SystemInit                             0x08000d54   Section        0  system_stm32f4xx.o(i.SystemInit)
    i.TIM3_IRQHandler                        0x08000dbc   Section        0  tim_1.o(i.TIM3_IRQHandler)
    i.TIM_ClearITPendingBit                  0x08000dd4   Section        0  stm32f4xx_tim.o(i.TIM_ClearITPendingBit)
    i.TIM_GetITStatus                        0x08000dda   Section        0  stm32f4xx_tim.o(i.TIM_GetITStatus)
    i.USART_Cmd                              0x08000dfc   Section        0  stm32f4xx_usart.o(i.USART_Cmd)
    i.USART_GetFlagStatus                    0x08000e14   Section        0  stm32f4xx_usart.o(i.USART_GetFlagStatus)
    i.USART_ITConfig                         0x08000e2e   Section        0  stm32f4xx_usart.o(i.USART_ITConfig)
    i.USART_Init                             0x08000e78   Section        0  stm32f4xx_usart.o(i.USART_Init)
    i.USART_SendData                         0x08000f4c   Section        0  stm32f4xx_usart.o(i.USART_SendData)
    i.Usart1_Init                            0x08000f54   Section        0  usart.o(i.Usart1_Init)
    i._sys_exit                              0x08001000   Section        0  usart.o(i._sys_exit)
    i.delay_ms                               0x08001008   Section        0  delay.o(i.delay_ms)
    i.fputc                                  0x08001054   Section        0  usart.o(i.fputc)
    i.main                                   0x08001078   Section        0  main.o(i.main)
    i.prvAddCurrentTaskToDelayedList         0x080010c8   Section        0  tasks.o(i.prvAddCurrentTaskToDelayedList)
    prvAddCurrentTaskToDelayedList           0x080010c9   Thumb Code   124  tasks.o(i.prvAddCurrentTaskToDelayedList)
    i.prvAddNewTaskToReadyList               0x08001160   Section        0  tasks.o(i.prvAddNewTaskToReadyList)
    prvAddNewTaskToReadyList                 0x08001161   Thumb Code   156  tasks.o(i.prvAddNewTaskToReadyList)
    i.prvCheckForValidListAndQueue           0x08001218   Section        0  timers.o(i.prvCheckForValidListAndQueue)
    prvCheckForValidListAndQueue             0x08001219   Thumb Code    72  timers.o(i.prvCheckForValidListAndQueue)
    i.prvCheckTasksWaitingTermination        0x0800127c   Section        0  tasks.o(i.prvCheckTasksWaitingTermination)
    prvCheckTasksWaitingTermination          0x0800127d   Thumb Code    86  tasks.o(i.prvCheckTasksWaitingTermination)
    i.prvCopyDataFromQueue                   0x080012e0   Section        0  queue.o(i.prvCopyDataFromQueue)
    prvCopyDataFromQueue                     0x080012e1   Thumb Code    42  queue.o(i.prvCopyDataFromQueue)
    i.prvCopyDataToQueue                     0x0800130a   Section        0  queue.o(i.prvCopyDataToQueue)
    prvCopyDataToQueue                       0x0800130b   Thumb Code   124  queue.o(i.prvCopyDataToQueue)
    i.prvDeleteTCB                           0x08001386   Section        0  tasks.o(i.prvDeleteTCB)
    prvDeleteTCB                             0x08001387   Thumb Code    18  tasks.o(i.prvDeleteTCB)
    i.prvGetNextExpireTime                   0x08001398   Section        0  timers.o(i.prvGetNextExpireTime)
    prvGetNextExpireTime                     0x08001399   Thumb Code    36  timers.o(i.prvGetNextExpireTime)
    i.prvHeapInit                            0x080013c0   Section        0  heap_4.o(i.prvHeapInit)
    prvHeapInit                              0x080013c1   Thumb Code    98  heap_4.o(i.prvHeapInit)
    i.prvIdleTask                            0x0800143c   Section        0  tasks.o(i.prvIdleTask)
    prvIdleTask                              0x0800143d   Thumb Code    32  tasks.o(i.prvIdleTask)
    i.prvInitialiseNewQueue                  0x08001464   Section        0  queue.o(i.prvInitialiseNewQueue)
    prvInitialiseNewQueue                    0x08001465   Thumb Code    46  queue.o(i.prvInitialiseNewQueue)
    i.prvInitialiseNewTask                   0x08001494   Section        0  tasks.o(i.prvInitialiseNewTask)
    prvInitialiseNewTask                     0x08001495   Thumb Code   170  tasks.o(i.prvInitialiseNewTask)
    i.prvInitialiseTaskLists                 0x08001564   Section        0  tasks.o(i.prvInitialiseTaskLists)
    prvInitialiseTaskLists                   0x08001565   Thumb Code    70  tasks.o(i.prvInitialiseTaskLists)
    i.prvInsertBlockIntoFreeList             0x080015cc   Section        0  heap_4.o(i.prvInsertBlockIntoFreeList)
    prvInsertBlockIntoFreeList               0x080015cd   Thumb Code    96  heap_4.o(i.prvInsertBlockIntoFreeList)
    i.prvInsertTimerInActiveList             0x08001634   Section        0  timers.o(i.prvInsertTimerInActiveList)
    prvInsertTimerInActiveList               0x08001635   Thumb Code    80  timers.o(i.prvInsertTimerInActiveList)
    i.prvIsQueueEmpty                        0x0800168c   Section        0  queue.o(i.prvIsQueueEmpty)
    prvIsQueueEmpty                          0x0800168d   Thumb Code    26  queue.o(i.prvIsQueueEmpty)
    i.prvIsQueueFull                         0x080016a6   Section        0  queue.o(i.prvIsQueueFull)
    prvIsQueueFull                           0x080016a7   Thumb Code    30  queue.o(i.prvIsQueueFull)
    i.prvNotifyQueueSetContainer             0x080016c4   Section        0  queue.o(i.prvNotifyQueueSetContainer)
    prvNotifyQueueSetContainer               0x080016c5   Thumb Code   124  queue.o(i.prvNotifyQueueSetContainer)
    i.prvProcessExpiredTimer                 0x08001764   Section        0  timers.o(i.prvProcessExpiredTimer)
    prvProcessExpiredTimer                   0x08001765   Thumb Code    84  timers.o(i.prvProcessExpiredTimer)
    i.prvProcessReceivedCommands             0x080017e0   Section        0  timers.o(i.prvProcessReceivedCommands)
    prvProcessReceivedCommands               0x080017e1   Thumb Code   254  timers.o(i.prvProcessReceivedCommands)
    i.prvProcessTimerOrBlockTask             0x08001908   Section        0  timers.o(i.prvProcessTimerOrBlockTask)
    prvProcessTimerOrBlockTask               0x08001909   Thumb Code   102  timers.o(i.prvProcessTimerOrBlockTask)
    i.prvResetNextTaskUnblockTime            0x0800197c   Section        0  tasks.o(i.prvResetNextTaskUnblockTime)
    prvResetNextTaskUnblockTime              0x0800197d   Thumb Code    42  tasks.o(i.prvResetNextTaskUnblockTime)
    i.prvSampleTimeNow                       0x080019b0   Section        0  timers.o(i.prvSampleTimeNow)
    prvSampleTimeNow                         0x080019b1   Thumb Code    40  timers.o(i.prvSampleTimeNow)
    i.prvSwitchTimerLists                    0x080019dc   Section        0  timers.o(i.prvSwitchTimerLists)
    prvSwitchTimerLists                      0x080019dd   Thumb Code   140  timers.o(i.prvSwitchTimerLists)
    i.prvTaskExitError                       0x08001a94   Section        0  port.o(i.prvTaskExitError)
    prvTaskExitError                         0x08001a95   Thumb Code    50  port.o(i.prvTaskExitError)
    i.prvTaskIsTaskSuspended                 0x08001b04   Section        0  tasks.o(i.prvTaskIsTaskSuspended)
    prvTaskIsTaskSuspended                   0x08001b05   Thumb Code    72  tasks.o(i.prvTaskIsTaskSuspended)
    i.prvTimerTask                           0x08001b78   Section        0  timers.o(i.prvTimerTask)
    prvTimerTask                             0x08001b79   Thumb Code    26  timers.o(i.prvTimerTask)
    i.prvUnlockQueue                         0x08001b92   Section        0  queue.o(i.prvUnlockQueue)
    prvUnlockQueue                           0x08001b93   Thumb Code   146  queue.o(i.prvUnlockQueue)
    i.pvPortMalloc                           0x08001c24   Section        0  heap_4.o(i.pvPortMalloc)
    i.pvTaskIncrementMutexHeldCount          0x08001d74   Section        0  tasks.o(i.pvTaskIncrementMutexHeldCount)
    i.pxPortInitialiseStack                  0x08001d94   Section        0  port.o(i.pxPortInitialiseStack)
    i.start_task                             0x08001dc0   Section        0  main.o(i.start_task)
    i.task1                                  0x08001ea4   Section        0  main.o(i.task1)
    i.task2                                  0x08001ed4   Section        0  main.o(i.task2)
    i.task3                                  0x08001f08   Section        0  main.o(i.task3)
    i.task4                                  0x08001fd0   Section        0  main.o(i.task4)
    i.test                                   0x08002040   Section        0  main.o(i.test)
    i.uxListRemove                           0x080020a8   Section        0  list.o(i.uxListRemove)
    i.vListInitialise                        0x080020d0   Section        0  list.o(i.vListInitialise)
    i.vListInitialiseItem                    0x080020ea   Section        0  list.o(i.vListInitialiseItem)
    i.vListInsert                            0x080020f0   Section        0  list.o(i.vListInsert)
    i.vListInsertEnd                         0x08002124   Section        0  list.o(i.vListInsertEnd)
    i.vPortEnterCritical                     0x0800213c   Section        0  port.o(i.vPortEnterCritical)
    i.vPortExitCritical                      0x080021c0   Section        0  port.o(i.vPortExitCritical)
    i.vPortFree                              0x0800222c   Section        0  heap_4.o(i.vPortFree)
    i.vPortSetupTimerInterrupt               0x080022e0   Section        0  port.o(i.vPortSetupTimerInterrupt)
    i.vPortValidateInterruptPriority         0x08002300   Section        0  port.o(i.vPortValidateInterruptPriority)
    i.vQueueAddToRegistry                    0x0800239c   Section        0  queue.o(i.vQueueAddToRegistry)
    i.vQueueWaitForMessageRestricted         0x080023c8   Section        0  queue.o(i.vQueueWaitForMessageRestricted)
    i.vTaskDelay                             0x08002414   Section        0  tasks.o(i.vTaskDelay)
    i.vTaskDelete                            0x08002488   Section        0  tasks.o(i.vTaskDelete)
    i.vTaskMissedYield                       0x08002594   Section        0  tasks.o(i.vTaskMissedYield)
    i.vTaskPlaceOnEventList                  0x080025a0   Section        0  tasks.o(i.vTaskPlaceOnEventList)
    i.vTaskPlaceOnEventListRestricted        0x080025f4   Section        0  tasks.o(i.vTaskPlaceOnEventListRestricted)
    i.vTaskPriorityInherit                   0x08002650   Section        0  tasks.o(i.vTaskPriorityInherit)
    i.vTaskResume                            0x08002700   Section        0  tasks.o(i.vTaskResume)
    i.vTaskSetTimeOutState                   0x080027ac   Section        0  tasks.o(i.vTaskSetTimeOutState)
    i.vTaskStartScheduler                    0x080027f8   Section        0  tasks.o(i.vTaskStartScheduler)
    i.vTaskSuspend                           0x080028a4   Section        0  tasks.o(i.vTaskSuspend)
    i.vTaskSuspendAll                        0x080029a4   Section        0  tasks.o(i.vTaskSuspendAll)
    i.vTaskSwitchContext                     0x080029b4   Section        0  tasks.o(i.vTaskSwitchContext)
    i.xPortStartScheduler                    0x08002a5c   Section        0  port.o(i.xPortStartScheduler)
    i.xPortSysTickHandler                    0x08002bb4   Section        0  port.o(i.xPortSysTickHandler)
    i.xQueueGenericCreate                    0x08002be8   Section        0  queue.o(i.xQueueGenericCreate)
    i.xQueueGenericReceive                   0x08002c5c   Section        0  queue.o(i.xQueueGenericReceive)
    i.xQueueGenericReset                     0x08002e24   Section        0  queue.o(i.xQueueGenericReset)
    i.xQueueGenericSend                      0x08002ed4   Section        0  queue.o(i.xQueueGenericSend)
    i.xQueueGenericSendFromISR               0x08003098   Section        0  queue.o(i.xQueueGenericSendFromISR)
    i.xTaskCheckForTimeOut                   0x080031a8   Section        0  tasks.o(i.xTaskCheckForTimeOut)
    i.xTaskCreate                            0x08003248   Section        0  tasks.o(i.xTaskCreate)
    i.xTaskGenericNotify                     0x080032a8   Section        0  tasks.o(i.xTaskGenericNotify)
    i.xTaskGetSchedulerState                 0x080033bc   Section        0  tasks.o(i.xTaskGetSchedulerState)
    i.xTaskGetTickCount                      0x080033dc   Section        0  tasks.o(i.xTaskGetTickCount)
    i.xTaskIncrementTick                     0x080033e8   Section        0  tasks.o(i.xTaskIncrementTick)
    i.xTaskNotifyWait                        0x08003548   Section        0  tasks.o(i.xTaskNotifyWait)
    i.xTaskPriorityDisinherit                0x080035e8   Section        0  tasks.o(i.xTaskPriorityDisinherit)
    i.xTaskRemoveFromEventList               0x080036c0   Section        0  tasks.o(i.xTaskRemoveFromEventList)
    i.xTaskResumeAll                         0x08003774   Section        0  tasks.o(i.xTaskResumeAll)
    i.xTimerCreateTimerTask                  0x08003894   Section        0  timers.o(i.xTimerCreateTimerTask)
    i.xTimerGenericCommand                   0x08003904   Section        0  timers.o(i.xTimerGenericCommand)
    x$fpl$fpinit                             0x080039a4   Section       10  fpinit.o(x$fpl$fpinit)
    $v0                                      0x080039a4   Number         0  fpinit.o(x$fpl$fpinit)
    .data                                    0x20000000   Section       60  tasks.o(.data)
    pxDelayedTaskList                        0x20000004   Data           4  tasks.o(.data)
    pxOverflowDelayedTaskList                0x20000008   Data           4  tasks.o(.data)
    uxDeletedTasksWaitingCleanUp             0x2000000c   Data           4  tasks.o(.data)
    uxCurrentNumberOfTasks                   0x20000010   Data           4  tasks.o(.data)
    xTickCount                               0x20000014   Data           4  tasks.o(.data)
    uxTopReadyPriority                       0x20000018   Data           4  tasks.o(.data)
    xSchedulerRunning                        0x2000001c   Data           4  tasks.o(.data)
    uxPendedTicks                            0x20000020   Data           4  tasks.o(.data)
    xYieldPending                            0x20000024   Data           4  tasks.o(.data)
    xNumOfOverflows                          0x20000028   Data           4  tasks.o(.data)
    uxTaskNumber                             0x2000002c   Data           4  tasks.o(.data)
    xNextTaskUnblockTime                     0x20000030   Data           4  tasks.o(.data)
    xIdleTaskHandle                          0x20000034   Data           4  tasks.o(.data)
    uxSchedulerSuspended                     0x20000038   Data           4  tasks.o(.data)
    .data                                    0x2000003c   Section       20  timers.o(.data)
    pxCurrentTimerList                       0x2000003c   Data           4  timers.o(.data)
    pxOverflowTimerList                      0x20000040   Data           4  timers.o(.data)
    xTimerQueue                              0x20000044   Data           4  timers.o(.data)
    xTimerTaskHandle                         0x20000048   Data           4  timers.o(.data)
    xLastTime                                0x2000004c   Data           4  timers.o(.data)
    .data                                    0x20000050   Section       12  port.o(.data)
    uxCriticalNesting                        0x20000050   Data           4  port.o(.data)
    ucMaxSysCallPriority                     0x20000054   Data           1  port.o(.data)
    ulMaxPRIGROUPValue                       0x20000058   Data           4  port.o(.data)
    .data                                    0x2000005c   Section       24  heap_4.o(.data)
    xStart                                   0x2000005c   Data           8  heap_4.o(.data)
    pxEnd                                    0x20000064   Data           4  heap_4.o(.data)
    xFreeBytesRemaining                      0x20000068   Data           4  heap_4.o(.data)
    xMinimumEverFreeBytesRemaining           0x2000006c   Data           4  heap_4.o(.data)
    xBlockAllocatedBit                       0x20000070   Data           4  heap_4.o(.data)
    .data                                    0x20000074   Section        6  delay.o(.data)
    .data                                    0x2000007c   Section        4  usart.o(.data)
    .data                                    0x20000080   Section       27  main.o(.data)
    event0flag                               0x20000098   Data           1  main.o(.data)
    event1flag                               0x20000099   Data           1  main.o(.data)
    event2flag                               0x2000009a   Data           1  main.o(.data)
    .data                                    0x2000009b   Section       16  stm32f4xx_rcc.o(.data)
    APBAHBPrescTable                         0x2000009b   Data          16  stm32f4xx_rcc.o(.data)
    .data                                    0x200000ac   Section       20  system_stm32f4xx.o(.data)
    .bss                                     0x200000c0   Section       64  queue.o(.bss)
    .bss                                     0x20000100   Section      740  tasks.o(.bss)
    pxReadyTasksLists                        0x20000100   Data         640  tasks.o(.bss)
    xDelayedTaskList1                        0x20000380   Data          20  tasks.o(.bss)
    xDelayedTaskList2                        0x20000394   Data          20  tasks.o(.bss)
    xPendingReadyList                        0x200003a8   Data          20  tasks.o(.bss)
    xTasksWaitingTermination                 0x200003bc   Data          20  tasks.o(.bss)
    xSuspendedTaskList                       0x200003d0   Data          20  tasks.o(.bss)
    .bss                                     0x200003e4   Section       40  timers.o(.bss)
    xActiveTimerList1                        0x200003e4   Data          20  timers.o(.bss)
    xActiveTimerList2                        0x200003f8   Data          20  timers.o(.bss)
    .bss                                     0x2000040c   Section    47104  heap_4.o(.bss)
    ucHeap                                   0x2000040c   Data       47104  heap_4.o(.bss)
    .bss                                     0x2000bc0c   Section       96  libspace.o(.bss)
    HEAP                                     0x2000bc70   Section      512  startup_stm32f40_41xxx.o(HEAP)
    Heap_Mem                                 0x2000bc70   Data         512  startup_stm32f40_41xxx.o(HEAP)
    STACK                                    0x2000be70   Section     1024  startup_stm32f40_41xxx.o(STACK)
    Stack_Mem                                0x2000be70   Data        1024  startup_stm32f40_41xxx.o(STACK)
    __initial_sp                             0x2000c270   Data           0  startup_stm32f40_41xxx.o(STACK)

    Global Symbols

    Symbol Name                              Value     Ov Type        Size  Object(Section)

    BuildAttributes$$THM_ISAv4$E$P$D$K$B$S$7EM$VFPi3$EXTD16$VFPS$VFMA$PE$A:L22UL41UL21$X:L11$S22US41US21$IEEE1$IW$USESV6$~STKCKD$USESV7$~SHL$OSPACE$ROPI$EBA8$UX$STANDARDLIB$REQ8$PRES8$EABIv2 0x00000000   Number         0  anon$$obj.o ABSOLUTE
    __ARM_use_no_argv                        0x00000000   Number         0  main.o ABSOLUTE
    __ARM_exceptions_init                     - Undefined Weak Reference
    __alloca_initialize                       - Undefined Weak Reference
    __arm_preinit_                            - Undefined Weak Reference
    __cpp_initialize__aeabi_                  - Undefined Weak Reference
    __cxa_finalize                            - Undefined Weak Reference
    __rt_locale                               - Undefined Weak Reference
    __sigvec_lookup                           - Undefined Weak Reference
    _atexit_init                              - Undefined Weak Reference
    _call_atexit_fns                          - Undefined Weak Reference
    _clock_init                               - Undefined Weak Reference
    _fp_trap_init                             - Undefined Weak Reference
    _fp_trap_shutdown                         - Undefined Weak Reference
    _get_lc_collate                           - Undefined Weak Reference
    _get_lc_ctype                             - Undefined Weak Reference
    _get_lc_monetary                          - Undefined Weak Reference
    _get_lc_numeric                           - Undefined Weak Reference
    _get_lc_time                              - Undefined Weak Reference
    _getenv_init                              - Undefined Weak Reference
    _handle_redirection                       - Undefined Weak Reference
    _init_alloc                               - Undefined Weak Reference
    _init_user_alloc                          - Undefined Weak Reference
    _initio                                   - Undefined Weak Reference
    _mutex_acquire                            - Undefined Weak Reference
    _mutex_release                            - Undefined Weak Reference
    _printf_mbtowc                            - Undefined Weak Reference
    _printf_post_padding                      - Undefined Weak Reference
    _printf_pre_padding                       - Undefined Weak Reference
    _printf_truncate_signed                   - Undefined Weak Reference
    _printf_truncate_unsigned                 - Undefined Weak Reference
    _rand_init                                - Undefined Weak Reference
    _signal_finish                            - Undefined Weak Reference
    _signal_init                              - Undefined Weak Reference
    _terminate_alloc                          - Undefined Weak Reference
    _terminate_user_alloc                     - Undefined Weak Reference
    _terminateio                              - Undefined Weak Reference
    __Vectors_Size                           0x00000188   Number         0  startup_stm32f40_41xxx.o ABSOLUTE
    __Vectors                                0x08000000   Data           4  startup_stm32f40_41xxx.o(RESET)
    __Vectors_End                            0x08000188   Data           0  startup_stm32f40_41xxx.o(RESET)
    __main                                   0x08000189   Thumb Code     8  __main.o(!!!main)
    __scatterload                            0x08000191   Thumb Code     0  __scatter.o(!!!scatter)
    __scatterload_rt2                        0x08000191   Thumb Code    44  __scatter.o(!!!scatter)
    __scatterload_rt2_thumb_only             0x08000191   Thumb Code     0  __scatter.o(!!!scatter)
    __scatterload_null                       0x0800019f   Thumb Code     0  __scatter.o(!!!scatter)
    __scatterload_copy                       0x080001c5   Thumb Code    26  __scatter_copy.o(!!handler_copy)
    __scatterload_zeroinit                   0x080001e1   Thumb Code    28  __scatter_zi.o(!!handler_zi)
    _printf_d                                0x080001fd   Thumb Code     0  _printf_d.o(.ARM.Collect$$_printf_percent$$00000009)
    _printf_percent                          0x080001fd   Thumb Code     0  _printf_percent.o(.ARM.Collect$$_printf_percent$$00000000)
    _printf_s                                0x08000203   Thumb Code     0  _printf_s.o(.ARM.Collect$$_printf_percent$$00000014)
    _printf_percent_end                      0x08000209   Thumb Code     0  _printf_percent_end.o(.ARM.Collect$$_printf_percent$$00000017)
    __rt_lib_init                            0x0800020d   Thumb Code     0  libinit.o(.ARM.Collect$$libinit$$00000000)
    __rt_lib_init_fp_1                       0x0800020f   Thumb Code     0  libinit2.o(.ARM.Collect$$libinit$$00000001)
    __rt_lib_init_alloca_1                   0x08000213   Thumb Code     0  libinit2.o(.ARM.Collect$$libinit$$0000002E)
    __rt_lib_init_argv_1                     0x08000213   Thumb Code     0  libinit2.o(.ARM.Collect$$libinit$$0000002C)
    __rt_lib_init_atexit_1                   0x08000213   Thumb Code     0  libinit2.o(.ARM.Collect$$libinit$$0000001B)
    __rt_lib_init_clock_1                    0x08000213   Thumb Code     0  libinit2.o(.ARM.Collect$$libinit$$00000021)
    __rt_lib_init_cpp_1                      0x08000213   Thumb Code     0  libinit2.o(.ARM.Collect$$libinit$$00000032)
    __rt_lib_init_exceptions_1               0x08000213   Thumb Code     0  libinit2.o(.ARM.Collect$$libinit$$00000030)
    __rt_lib_init_fp_trap_1                  0x08000213   Thumb Code     0  libinit2.o(.ARM.Collect$$libinit$$0000001F)
    __rt_lib_init_getenv_1                   0x08000213   Thumb Code     0  libinit2.o(.ARM.Collect$$libinit$$00000023)
    __rt_lib_init_heap_1                     0x08000213   Thumb Code     0  libinit2.o(.ARM.Collect$$libinit$$0000000A)
    __rt_lib_init_lc_collate_1               0x08000213   Thumb Code     0  libinit2.o(.ARM.Collect$$libinit$$00000011)
    __rt_lib_init_lc_ctype_1                 0x08000213   Thumb Code     0  libinit2.o(.ARM.Collect$$libinit$$00000013)
    __rt_lib_init_lc_monetary_1              0x08000213   Thumb Code     0  libinit2.o(.ARM.Collect$$libinit$$00000015)
    __rt_lib_init_lc_numeric_1               0x08000213   Thumb Code     0  libinit2.o(.ARM.Collect$$libinit$$00000017)
    __rt_lib_init_lc_time_1                  0x08000213   Thumb Code     0  libinit2.o(.ARM.Collect$$libinit$$00000019)
    __rt_lib_init_preinit_1                  0x08000213   Thumb Code     0  libinit2.o(.ARM.Collect$$libinit$$00000004)
    __rt_lib_init_rand_1                     0x08000213   Thumb Code     0  libinit2.o(.ARM.Collect$$libinit$$0000000E)
    __rt_lib_init_return                     0x08000213   Thumb Code     0  libinit2.o(.ARM.Collect$$libinit$$00000033)
    __rt_lib_init_signal_1                   0x08000213   Thumb Code     0  libinit2.o(.ARM.Collect$$libinit$$0000001D)
    __rt_lib_init_stdio_1                    0x08000213   Thumb Code     0  libinit2.o(.ARM.Collect$$libinit$$00000025)
    __rt_lib_init_user_alloc_1               0x08000213   Thumb Code     0  libinit2.o(.ARM.Collect$$libinit$$0000000C)
    __rt_lib_shutdown                        0x08000215   Thumb Code     0  libshutdown.o(.ARM.Collect$$libshutdown$$00000000)
    __rt_lib_shutdown_cpp_1                  0x08000217   Thumb Code     0  libshutdown2.o(.ARM.Collect$$libshutdown$$00000002)
    __rt_lib_shutdown_fp_trap_1              0x08000217   Thumb Code     0  libshutdown2.o(.ARM.Collect$$libshutdown$$00000007)
    __rt_lib_shutdown_heap_1                 0x08000217   Thumb Code     0  libshutdown2.o(.ARM.Collect$$libshutdown$$0000000F)
    __rt_lib_shutdown_return                 0x08000217   Thumb Code     0  libshutdown2.o(.ARM.Collect$$libshutdown$$00000010)
    __rt_lib_shutdown_signal_1               0x08000217   Thumb Code     0  libshutdown2.o(.ARM.Collect$$libshutdown$$0000000A)
    __rt_lib_shutdown_stdio_1                0x08000217   Thumb Code     0  libshutdown2.o(.ARM.Collect$$libshutdown$$00000004)
    __rt_lib_shutdown_user_alloc_1           0x08000217   Thumb Code     0  libshutdown2.o(.ARM.Collect$$libshutdown$$0000000C)
    __rt_entry                               0x08000219   Thumb Code     0  __rtentry.o(.ARM.Collect$$rtentry$$00000000)
    __rt_entry_presh_1                       0x08000219   Thumb Code     0  __rtentry2.o(.ARM.Collect$$rtentry$$00000002)
    __rt_entry_sh                            0x08000219   Thumb Code     0  __rtentry4.o(.ARM.Collect$$rtentry$$00000004)
    __rt_entry_li                            0x0800021f   Thumb Code     0  __rtentry2.o(.ARM.Collect$$rtentry$$0000000A)
    __rt_entry_postsh_1                      0x0800021f   Thumb Code     0  __rtentry2.o(.ARM.Collect$$rtentry$$00000009)
    __rt_entry_main                          0x08000223   Thumb Code     0  __rtentry2.o(.ARM.Collect$$rtentry$$0000000D)
    __rt_entry_postli_1                      0x08000223   Thumb Code     0  __rtentry2.o(.ARM.Collect$$rtentry$$0000000C)
    __rt_exit                                0x0800022b   Thumb Code     0  rtexit.o(.ARM.Collect$$rtexit$$00000000)
    __rt_exit_ls                             0x0800022d   Thumb Code     0  rtexit2.o(.ARM.Collect$$rtexit$$00000003)
    __rt_exit_prels_1                        0x0800022d   Thumb Code     0  rtexit2.o(.ARM.Collect$$rtexit$$00000002)
    __rt_exit_exit                           0x08000231   Thumb Code     0  rtexit2.o(.ARM.Collect$$rtexit$$00000004)
    SVC_Handler                              0x08000239   Thumb Code    28  port.o(.emb_text)
    __asm___6_port_c_39a90d8d__prvStartFirstTask 0x08000259   Thumb Code    28  port.o(.emb_text)
    __asm___6_port_c_39a90d8d__prvEnableVFP  0x08000279   Thumb Code    16  port.o(.emb_text)
    PendSV_Handler                           0x0800028d   Thumb Code    88  port.o(.emb_text)
    vPortGetIPSR                             0x080002e9   Thumb Code     6  port.o(.emb_text)
    Reset_Handler                            0x080002f1   Thumb Code     8  startup_stm32f40_41xxx.o(.text)
    NMI_Handler                              0x080002f9   Thumb Code     2  startup_stm32f40_41xxx.o(.text)
    HardFault_Handler                        0x080002fb   Thumb Code     2  startup_stm32f40_41xxx.o(.text)
    MemManage_Handler                        0x080002fd   Thumb Code     2  startup_stm32f40_41xxx.o(.text)
    BusFault_Handler                         0x080002ff   Thumb Code     2  startup_stm32f40_41xxx.o(.text)
    UsageFault_Handler                       0x08000301   Thumb Code     2  startup_stm32f40_41xxx.o(.text)
    DebugMon_Handler                         0x08000305   Thumb Code     2  startup_stm32f40_41xxx.o(.text)
    ADC_IRQHandler                           0x0800030b   Thumb Code     0  startup_stm32f40_41xxx.o(.text)
    CAN1_RX0_IRQHandler                      0x0800030b   Thumb Code     0  startup_stm32f40_41xxx.o(.text)
    CAN1_RX1_IRQHandler                      0x0800030b   Thumb Code     0  startup_stm32f40_41xxx.o(.text)
    CAN1_SCE_IRQHandler                      0x0800030b   Thumb Code     0  startup_stm32f40_41xxx.o(.text)
    CAN1_TX_IRQHandler                       0x0800030b   Thumb Code     0  startup_stm32f40_41xxx.o(.text)
    CAN2_RX0_IRQHandler                      0x0800030b   Thumb Code     0  startup_stm32f40_41xxx.o(.text)
    CAN2_RX1_IRQHandler                      0x0800030b   Thumb Code     0  startup_stm32f40_41xxx.o(.text)
    CAN2_SCE_IRQHandler                      0x0800030b   Thumb Code     0  startup_stm32f40_41xxx.o(.text)
    CAN2_TX_IRQHandler                       0x0800030b   Thumb Code     0  startup_stm32f40_41xxx.o(.text)
    CRYP_IRQHandler                          0x0800030b   Thumb Code     0  startup_stm32f40_41xxx.o(.text)
    DCMI_IRQHandler                          0x0800030b   Thumb Code     0  startup_stm32f40_41xxx.o(.text)
    DMA1_Stream0_IRQHandler                  0x0800030b   Thumb Code     0  startup_stm32f40_41xxx.o(.text)
    DMA1_Stream1_IRQHandler                  0x0800030b   Thumb Code     0  startup_stm32f40_41xxx.o(.text)
    DMA1_Stream2_IRQHandler                  0x0800030b   Thumb Code     0  startup_stm32f40_41xxx.o(.text)
    DMA1_Stream3_IRQHandler                  0x0800030b   Thumb Code     0  startup_stm32f40_41xxx.o(.text)
    DMA1_Stream4_IRQHandler                  0x0800030b   Thumb Code     0  startup_stm32f40_41xxx.o(.text)
    DMA1_Stream5_IRQHandler                  0x0800030b   Thumb Code     0  startup_stm32f40_41xxx.o(.text)
    DMA1_Stream6_IRQHandler                  0x0800030b   Thumb Code     0  startup_stm32f40_41xxx.o(.text)
    DMA1_Stream7_IRQHandler                  0x0800030b   Thumb Code     0  startup_stm32f40_41xxx.o(.text)
    DMA2_Stream0_IRQHandler                  0x0800030b   Thumb Code     0  startup_stm32f40_41xxx.o(.text)
    DMA2_Stream1_IRQHandler                  0x0800030b   Thumb Code     0  startup_stm32f40_41xxx.o(.text)
    DMA2_Stream2_IRQHandler                  0x0800030b   Thumb Code     0  startup_stm32f40_41xxx.o(.text)
    DMA2_Stream3_IRQHandler                  0x0800030b   Thumb Code     0  startup_stm32f40_41xxx.o(.text)
    DMA2_Stream4_IRQHandler                  0x0800030b   Thumb Code     0  startup_stm32f40_41xxx.o(.text)
    DMA2_Stream5_IRQHandler                  0x0800030b   Thumb Code     0  startup_stm32f40_41xxx.o(.text)
    DMA2_Stream6_IRQHandler                  0x0800030b   Thumb Code     0  startup_stm32f40_41xxx.o(.text)
    DMA2_Stream7_IRQHandler                  0x0800030b   Thumb Code     0  startup_stm32f40_41xxx.o(.text)
    ETH_IRQHandler                           0x0800030b   Thumb Code     0  startup_stm32f40_41xxx.o(.text)
    ETH_WKUP_IRQHandler                      0x0800030b   Thumb Code     0  startup_stm32f40_41xxx.o(.text)
    EXTI15_10_IRQHandler                     0x0800030b   Thumb Code     0  startup_stm32f40_41xxx.o(.text)
    EXTI1_IRQHandler                         0x0800030b   Thumb Code     0  startup_stm32f40_41xxx.o(.text)
    EXTI9_5_IRQHandler                       0x0800030b   Thumb Code     0  startup_stm32f40_41xxx.o(.text)
    FLASH_IRQHandler                         0x0800030b   Thumb Code     0  startup_stm32f40_41xxx.o(.text)
    FPU_IRQHandler                           0x0800030b   Thumb Code     0  startup_stm32f40_41xxx.o(.text)
    FSMC_IRQHandler                          0x0800030b   Thumb Code     0  startup_stm32f40_41xxx.o(.text)
    HASH_RNG_IRQHandler                      0x0800030b   Thumb Code     0  startup_stm32f40_41xxx.o(.text)
    I2C1_ER_IRQHandler                       0x0800030b   Thumb Code     0  startup_stm32f40_41xxx.o(.text)
    I2C1_EV_IRQHandler                       0x0800030b   Thumb Code     0  startup_stm32f40_41xxx.o(.text)
    I2C2_ER_IRQHandler                       0x0800030b   Thumb Code     0  startup_stm32f40_41xxx.o(.text)
    I2C2_EV_IRQHandler                       0x0800030b   Thumb Code     0  startup_stm32f40_41xxx.o(.text)
    I2C3_ER_IRQHandler                       0x0800030b   Thumb Code     0  startup_stm32f40_41xxx.o(.text)
    I2C3_EV_IRQHandler                       0x0800030b   Thumb Code     0  startup_stm32f40_41xxx.o(.text)
    OTG_FS_IRQHandler                        0x0800030b   Thumb Code     0  startup_stm32f40_41xxx.o(.text)
    OTG_FS_WKUP_IRQHandler                   0x0800030b   Thumb Code     0  startup_stm32f40_41xxx.o(.text)
    OTG_HS_EP1_IN_IRQHandler                 0x0800030b   Thumb Code     0  startup_stm32f40_41xxx.o(.text)
    OTG_HS_EP1_OUT_IRQHandler                0x0800030b   Thumb Code     0  startup_stm32f40_41xxx.o(.text)
    OTG_HS_IRQHandler                        0x0800030b   Thumb Code     0  startup_stm32f40_41xxx.o(.text)
    OTG_HS_WKUP_IRQHandler                   0x0800030b   Thumb Code     0  startup_stm32f40_41xxx.o(.text)
    PVD_IRQHandler                           0x0800030b   Thumb Code     0  startup_stm32f40_41xxx.o(.text)
    RCC_IRQHandler                           0x0800030b   Thumb Code     0  startup_stm32f40_41xxx.o(.text)
    RTC_Alarm_IRQHandler                     0x0800030b   Thumb Code     0  startup_stm32f40_41xxx.o(.text)
    RTC_WKUP_IRQHandler                      0x0800030b   Thumb Code     0  startup_stm32f40_41xxx.o(.text)
    SDIO_IRQHandler                          0x0800030b   Thumb Code     0  startup_stm32f40_41xxx.o(.text)
    SPI1_IRQHandler                          0x0800030b   Thumb Code     0  startup_stm32f40_41xxx.o(.text)
    SPI2_IRQHandler                          0x0800030b   Thumb Code     0  startup_stm32f40_41xxx.o(.text)
    SPI3_IRQHandler                          0x0800030b   Thumb Code     0  startup_stm32f40_41xxx.o(.text)
    TAMP_STAMP_IRQHandler                    0x0800030b   Thumb Code     0  startup_stm32f40_41xxx.o(.text)
    TIM1_BRK_TIM9_IRQHandler                 0x0800030b   Thumb Code     0  startup_stm32f40_41xxx.o(.text)
    TIM1_CC_IRQHandler                       0x0800030b   Thumb Code     0  startup_stm32f40_41xxx.o(.text)
    TIM1_TRG_COM_TIM11_IRQHandler            0x0800030b   Thumb Code     0  startup_stm32f40_41xxx.o(.text)
    TIM1_UP_TIM10_IRQHandler                 0x0800030b   Thumb Code     0  startup_stm32f40_41xxx.o(.text)
    TIM2_IRQHandler                          0x0800030b   Thumb Code     0  startup_stm32f40_41xxx.o(.text)
    TIM4_IRQHandler                          0x0800030b   Thumb Code     0  startup_stm32f40_41xxx.o(.text)
    TIM5_IRQHandler                          0x0800030b   Thumb Code     0  startup_stm32f40_41xxx.o(.text)
    TIM6_DAC_IRQHandler                      0x0800030b   Thumb Code     0  startup_stm32f40_41xxx.o(.text)
    TIM7_IRQHandler                          0x0800030b   Thumb Code     0  startup_stm32f40_41xxx.o(.text)
    TIM8_BRK_TIM12_IRQHandler                0x0800030b   Thumb Code     0  startup_stm32f40_41xxx.o(.text)
    TIM8_CC_IRQHandler                       0x0800030b   Thumb Code     0  startup_stm32f40_41xxx.o(.text)
    TIM8_TRG_COM_TIM14_IRQHandler            0x0800030b   Thumb Code     0  startup_stm32f40_41xxx.o(.text)
    TIM8_UP_TIM13_IRQHandler                 0x0800030b   Thumb Code     0  startup_stm32f40_41xxx.o(.text)
    UART4_IRQHandler                         0x0800030b   Thumb Code     0  startup_stm32f40_41xxx.o(.text)
    UART5_IRQHandler                         0x0800030b   Thumb Code     0  startup_stm32f40_41xxx.o(.text)
    USART1_IRQHandler                        0x0800030b   Thumb Code     0  startup_stm32f40_41xxx.o(.text)
    USART2_IRQHandler                        0x0800030b   Thumb Code     0  startup_stm32f40_41xxx.o(.text)
    USART3_IRQHandler                        0x0800030b   Thumb Code     0  startup_stm32f40_41xxx.o(.text)
    USART6_IRQHandler                        0x0800030b   Thumb Code     0  startup_stm32f40_41xxx.o(.text)
    WWDG_IRQHandler                          0x0800030b   Thumb Code     0  startup_stm32f40_41xxx.o(.text)
    __user_initial_stackheap                 0x0800030d   Thumb Code     0  startup_stm32f40_41xxx.o(.text)
    __use_no_semihosting                     0x08000331   Thumb Code     2  use_no_semi_2.o(.text)
    __2printf                                0x08000335   Thumb Code    20  noretval__2printf.o(.text)
    __printf                                 0x0800034d   Thumb Code   104  __printf.o(.text)
    _printf_str                              0x080003b5   Thumb Code    82  _printf_str.o(.text)
    _printf_int_dec                          0x08000409   Thumb Code   104  _printf_dec.o(.text)
    __aeabi_memcpy                           0x08000481   Thumb Code     0  rt_memcpy_v6.o(.text)
    __rt_memcpy                              0x08000481   Thumb Code   138  rt_memcpy_v6.o(.text)
    _memcpy_lastbytes                        0x080004e7   Thumb Code     0  rt_memcpy_v6.o(.text)
    __aeabi_memset                           0x0800050b   Thumb Code    16  aeabi_memset.o(.text)
    __use_two_region_memory                  0x0800051b   Thumb Code     2  heapauxi.o(.text)
    __rt_heap_escrow$2region                 0x0800051d   Thumb Code     2  heapauxi.o(.text)
    __rt_heap_expand$2region                 0x0800051f   Thumb Code     2  heapauxi.o(.text)
    __I$use$semihosting                      0x08000521   Thumb Code     0  use_no_semi.o(.text)
    __use_no_semihosting_swi                 0x08000521   Thumb Code     2  use_no_semi.o(.text)
    _printf_int_common                       0x08000523   Thumb Code   178  _printf_intcommon.o(.text)
    _printf_char_common                      0x080005df   Thumb Code    32  _printf_char_common.o(.text)
    _printf_cs_common                        0x08000605   Thumb Code    20  _printf_char.o(.text)
    _printf_char                             0x08000619   Thumb Code    16  _printf_char.o(.text)
    _printf_string                           0x08000629   Thumb Code     8  _printf_char.o(.text)
    _printf_char_file                        0x08000631   Thumb Code    32  _printf_char_file.o(.text)
    __aeabi_memcpy4                          0x08000655   Thumb Code     0  rt_memcpy_w.o(.text)
    __aeabi_memcpy8                          0x08000655   Thumb Code     0  rt_memcpy_w.o(.text)
    __rt_memcpy_w                            0x08000655   Thumb Code   100  rt_memcpy_w.o(.text)
    _memcpy_lastbytes_aligned                0x0800069d   Thumb Code     0  rt_memcpy_w.o(.text)
    __aeabi_memclr                           0x080006b9   Thumb Code     0  rt_memclr.o(.text)
    __rt_memclr                              0x080006b9   Thumb Code    68  rt_memclr.o(.text)
    _memset                                  0x080006bd   Thumb Code     0  rt_memclr.o(.text)
    ferror                                   0x080006fd   Thumb Code     8  ferror.o(.text)
    __aeabi_memclr4                          0x08000705   Thumb Code     0  rt_memclr_w.o(.text)
    __aeabi_memclr8                          0x08000705   Thumb Code     0  rt_memclr_w.o(.text)
    __rt_memclr_w                            0x08000705   Thumb Code    78  rt_memclr_w.o(.text)
    _memset_w                                0x08000709   Thumb Code     0  rt_memclr_w.o(.text)
    __user_setup_stackheap                   0x08000753   Thumb Code    74  sys_stackheap_outer.o(.text)
    exit                                     0x0800079d   Thumb Code    18  exit.o(.text)
    __user_libspace                          0x080007b1   Thumb Code     8  libspace.o(.text)
    __user_perproc_libspace                  0x080007b1   Thumb Code     0  libspace.o(.text)
    __user_perthread_libspace                0x080007b1   Thumb Code     0  libspace.o(.text)
    AllKeyInit                               0x080007b9   Thumb Code    86  key_1.o(i.AllKeyInit)
    Delay_Init                               0x08000819   Thumb Code    28  delay.o(i.Delay_Init)
    EXTI0_IRQHandler                         0x08000835   Thumb Code    10  exti_1.o(i.EXTI0_IRQHandler)
    EXTI2_IRQHandler                         0x0800083f   Thumb Code    10  exti_1.o(i.EXTI2_IRQHandler)
    EXTI3_IRQHandler                         0x08000849   Thumb Code    10  exti_1.o(i.EXTI3_IRQHandler)
    EXTI4_IRQHandler                         0x08000853   Thumb Code    10  exti_1.o(i.EXTI4_IRQHandler)
    EXTI_ClearITPendingBit                   0x0800085d   Thumb Code     6  stm32f4xx_exti.o(i.EXTI_ClearITPendingBit)
    F_delay_ms                               0x08000869   Thumb Code    56  delay.o(i.F_delay_ms)
    F_delay_s                                0x080008a5   Thumb Code    34  delay.o(i.F_delay_s)
    GPIO_Init                                0x080008cd   Thumb Code   144  stm32f4xx_gpio.o(i.GPIO_Init)
    GPIO_PinAFConfig                         0x0800095d   Thumb Code    70  stm32f4xx_gpio.o(i.GPIO_PinAFConfig)
    GPIO_SetBits                             0x080009a3   Thumb Code     4  stm32f4xx_gpio.o(i.GPIO_SetBits)
    KEY_Scan                                 0x080009a9   Thumb Code    58  key_1.o(i.KEY_Scan)
    Led_Init                                 0x080009ed   Thumb Code   136  led_1.o(i.Led_Init)
    NVIC_Init                                0x08000a7d   Thumb Code   106  misc.o(i.NVIC_Init)
    NVIC_PriorityGroupConfig                 0x08000af5   Thumb Code    10  misc.o(i.NVIC_PriorityGroupConfig)
    RCC_AHB1PeriphClockCmd                   0x08000b09   Thumb Code    26  stm32f4xx_rcc.o(i.RCC_AHB1PeriphClockCmd)
    RCC_APB2PeriphClockCmd                   0x08000b29   Thumb Code    26  stm32f4xx_rcc.o(i.RCC_APB2PeriphClockCmd)
    RCC_GetClocksFreq                        0x08000b49   Thumb Code   214  stm32f4xx_rcc.o(i.RCC_GetClocksFreq)
    SysTick_CLKSourceConfig                  0x08000d1d   Thumb Code    40  misc.o(i.SysTick_CLKSourceConfig)
    SysTick_Handler                          0x08000d45   Thumb Code    16  delay.o(i.SysTick_Handler)
    SystemInit                               0x08000d55   Thumb Code    88  system_stm32f4xx.o(i.SystemInit)
    TIM3_IRQHandler                          0x08000dbd   Thumb Code    20  tim_1.o(i.TIM3_IRQHandler)
    TIM_ClearITPendingBit                    0x08000dd5   Thumb Code     6  stm32f4xx_tim.o(i.TIM_ClearITPendingBit)
    TIM_GetITStatus                          0x08000ddb   Thumb Code    34  stm32f4xx_tim.o(i.TIM_GetITStatus)
    USART_Cmd                                0x08000dfd   Thumb Code    24  stm32f4xx_usart.o(i.USART_Cmd)
    USART_GetFlagStatus                      0x08000e15   Thumb Code    26  stm32f4xx_usart.o(i.USART_GetFlagStatus)
    USART_ITConfig                           0x08000e2f   Thumb Code    74  stm32f4xx_usart.o(i.USART_ITConfig)
    USART_Init                               0x08000e79   Thumb Code   204  stm32f4xx_usart.o(i.USART_Init)
    USART_SendData                           0x08000f4d   Thumb Code     8  stm32f4xx_usart.o(i.USART_SendData)
    Usart1_Init                              0x08000f55   Thumb Code   164  usart.o(i.Usart1_Init)
    _sys_exit                                0x08001001   Thumb Code     6  usart.o(i._sys_exit)
    delay_ms                                 0x08001009   Thumb Code    70  delay.o(i.delay_ms)
    fputc                                    0x08001055   Thumb Code    32  usart.o(i.fputc)
    main                                     0x08001079   Thumb Code    58  main.o(i.main)
    pvPortMalloc                             0x08001c25   Thumb Code   262  heap_4.o(i.pvPortMalloc)
    pvTaskIncrementMutexHeldCount            0x08001d75   Thumb Code    26  tasks.o(i.pvTaskIncrementMutexHeldCount)
    pxPortInitialiseStack                    0x08001d95   Thumb Code    38  port.o(i.pxPortInitialiseStack)
    start_task                               0x08001dc1   Thumb Code   122  main.o(i.start_task)
    task1                                    0x08001ea5   Thumb Code    30  main.o(i.task1)
    task2                                    0x08001ed5   Thumb Code    46  main.o(i.task2)
    task3                                    0x08001f09   Thumb Code   116  main.o(i.task3)
    task4                                    0x08001fd1   Thumb Code    80  main.o(i.task4)
    test                                     0x08002041   Thumb Code    86  main.o(i.test)
    uxListRemove                             0x080020a9   Thumb Code    40  list.o(i.uxListRemove)
    vListInitialise                          0x080020d1   Thumb Code    26  list.o(i.vListInitialise)
    vListInitialiseItem                      0x080020eb   Thumb Code     6  list.o(i.vListInitialiseItem)
    vListInsert                              0x080020f1   Thumb Code    52  list.o(i.vListInsert)
    vListInsertEnd                           0x08002125   Thumb Code    24  list.o(i.vListInsertEnd)
    vPortEnterCritical                       0x0800213d   Thumb Code    68  port.o(i.vPortEnterCritical)
    vPortExitCritical                        0x080021c1   Thumb Code    48  port.o(i.vPortExitCritical)
    vPortFree                                0x0800222d   Thumb Code   120  heap_4.o(i.vPortFree)
    vPortSetupTimerInterrupt                 0x080022e1   Thumb Code    26  port.o(i.vPortSetupTimerInterrupt)
    vPortValidateInterruptPriority           0x08002301   Thumb Code    86  port.o(i.vPortValidateInterruptPriority)
    vQueueAddToRegistry                      0x0800239d   Thumb Code    38  queue.o(i.vQueueAddToRegistry)
    vQueueWaitForMessageRestricted           0x080023c9   Thumb Code    74  queue.o(i.vQueueWaitForMessageRestricted)
    vTaskDelay                               0x08002415   Thumb Code    72  tasks.o(i.vTaskDelay)
    vTaskDelete                              0x08002489   Thumb Code   192  tasks.o(i.vTaskDelete)
    vTaskMissedYield                         0x08002595   Thumb Code     8  tasks.o(i.vTaskMissedYield)
    vTaskPlaceOnEventList                    0x080025a1   Thumb Code    42  tasks.o(i.vTaskPlaceOnEventList)
    vTaskPlaceOnEventListRestricted          0x080025f5   Thumb Code    50  tasks.o(i.vTaskPlaceOnEventListRestricted)
    vTaskPriorityInherit                     0x08002651   Thumb Code   164  tasks.o(i.vTaskPriorityInherit)
    vTaskResume                              0x08002701   Thumb Code   118  tasks.o(i.vTaskResume)
    vTaskSetTimeOutState                     0x080027ad   Thumb Code    32  tasks.o(i.vTaskSetTimeOutState)
    vTaskStartScheduler                      0x080027f9   Thumb Code   108  tasks.o(i.vTaskStartScheduler)
    vTaskSuspend                             0x080028a5   Thumb Code   186  tasks.o(i.vTaskSuspend)
    vTaskSuspendAll                          0x080029a5   Thumb Code    12  tasks.o(i.vTaskSuspendAll)
    vTaskSwitchContext                       0x080029b5   Thumb Code   110  tasks.o(i.vTaskSwitchContext)
    xPortStartScheduler                      0x08002a5d   Thumb Code   258  port.o(i.xPortStartScheduler)
    xPortSysTickHandler                      0x08002bb5   Thumb Code    46  port.o(i.xPortSysTickHandler)
    xQueueGenericCreate                      0x08002be9   Thumb Code    78  queue.o(i.xQueueGenericCreate)
    xQueueGenericReceive                     0x08002c5d   Thumb Code   416  queue.o(i.xQueueGenericReceive)
    xQueueGenericReset                       0x08002e25   Thumb Code   136  queue.o(i.xQueueGenericReset)
    xQueueGenericSend                        0x08002ed5   Thumb Code   412  queue.o(i.xQueueGenericSend)
    xQueueGenericSendFromISR                 0x08003099   Thumb Code   234  queue.o(i.xQueueGenericSendFromISR)
    xTaskCheckForTimeOut                     0x080031a9   Thumb Code   116  tasks.o(i.xTaskCheckForTimeOut)
    xTaskCreate                              0x08003249   Thumb Code    96  tasks.o(i.xTaskCreate)
    xTaskGenericNotify                       0x080032a9   Thumb Code   222  tasks.o(i.xTaskGenericNotify)
    xTaskGetSchedulerState                   0x080033bd   Thumb Code    24  tasks.o(i.xTaskGetSchedulerState)
    xTaskGetTickCount                        0x080033dd   Thumb Code     6  tasks.o(i.xTaskGetTickCount)
    xTaskIncrementTick                       0x080033e9   Thumb Code   272  tasks.o(i.xTaskIncrementTick)
    xTaskNotifyWait                          0x08003549   Thumb Code   150  tasks.o(i.xTaskNotifyWait)
    xTaskPriorityDisinherit                  0x080035e9   Thumb Code   168  tasks.o(i.xTaskPriorityDisinherit)
    xTaskRemoveFromEventList                 0x080036c1   Thumb Code   118  tasks.o(i.xTaskRemoveFromEventList)
    xTaskResumeAll                           0x08003775   Thumb Code   214  tasks.o(i.xTaskResumeAll)
    xTimerCreateTimerTask                    0x08003895   Thumb Code    56  timers.o(i.xTimerCreateTimerTask)
    xTimerGenericCommand                     0x08003905   Thumb Code   118  timers.o(i.xTimerGenericCommand)
    _fp_init                                 0x080039a5   Thumb Code    10  fpinit.o(x$fpl$fpinit)
    __fplib_config_fpu_vfp                   0x080039ad   Thumb Code     0  fpinit.o(x$fpl$fpinit)
    __fplib_config_pureend_doubles           0x080039ad   Thumb Code     0  fpinit.o(x$fpl$fpinit)
    Region$$Table$$Base                      0x080039b0   Number         0  anon$$obj.o(Region$$Table)
    Region$$Table$$Limit                     0x080039d0   Number         0  anon$$obj.o(Region$$Table)
    pxCurrentTCB                             0x20000000   Data           4  tasks.o(.data)
    F_ms                                     0x20000074   Data           2  delay.o(.data)
    my_us                                    0x20000076   Data           2  delay.o(.data)
    my_ms                                    0x20000078   Data           2  delay.o(.data)
    __stdout                                 0x2000007c   Data           4  usart.o(.data)
    StartTask_Handler                        0x20000080   Data           4  main.o(.data)
    testTask_Handler                         0x20000084   Data           4  main.o(.data)
    TASK1_Handler                            0x20000088   Data           4  main.o(.data)
    TASK2_Handler                            0x2000008c   Data           4  main.o(.data)
    TASK3_Handler                            0x20000090   Data           4  main.o(.data)
    TASK4_Handler                            0x20000094   Data           4  main.o(.data)
    SystemCoreClock                          0x200000ac   Data           4  system_stm32f4xx.o(.data)
    AHBPrescTable                            0x200000b0   Data          16  system_stm32f4xx.o(.data)
    xQueueRegistry                           0x200000c0   Data          64  queue.o(.bss)
    __libspace_start                         0x2000bc0c   Data          96  libspace.o(.bss)
    __temporary_stack_top$libspace           0x2000bc6c   Data           0  libspace.o(.bss)



==============================================================================

Memory Map of the image

  Image Entry point : 0x08000189

  Load Region LR_IROM1 (Base: 0x08000000, Size: 0x00003a90, Max: 0x00080000, ABSOLUTE)

    Execution Region ER_IROM1 (Exec base: 0x08000000, Load base: 0x08000000, Size: 0x000039d0, Max: 0x00080000, ABSOLUTE)

    Exec Addr    Load Addr    Size         Type   Attr      Idx    E Section Name        Object

    0x08000000   0x08000000   0x00000188   Data   RO         3014    RESET               startup_stm32f40_41xxx.o
    0x08000188   0x08000188   0x00000008   Code   RO         3113  * !!!main             c_w.l(__main.o)
    0x08000190   0x08000190   0x00000034   Code   RO         3291    !!!scatter          c_w.l(__scatter.o)
    0x080001c4   0x080001c4   0x0000001a   Code   RO         3293    !!handler_copy      c_w.l(__scatter_copy.o)
    0x080001de   0x080001de   0x00000002   PAD
    0x080001e0   0x080001e0   0x0000001c   Code   RO         3295    !!handler_zi        c_w.l(__scatter_zi.o)
    0x080001fc   0x080001fc   0x00000000   Code   RO         3102    .ARM.Collect$$_printf_percent$$00000000  c_w.l(_printf_percent.o)
    0x080001fc   0x080001fc   0x00000006   Code   RO         3100    .ARM.Collect$$_printf_percent$$00000009  c_w.l(_printf_d.o)
    0x08000202   0x08000202   0x00000006   Code   RO         3099    .ARM.Collect$$_printf_percent$$00000014  c_w.l(_printf_s.o)
    0x08000208   0x08000208   0x00000004   Code   RO         3128    .ARM.Collect$$_printf_percent$$00000017  c_w.l(_printf_percent_end.o)
    0x0800020c   0x0800020c   0x00000002   Code   RO         3165    .ARM.Collect$$libinit$$00000000  c_w.l(libinit.o)
    0x0800020e   0x0800020e   0x00000004   Code   RO         3171    .ARM.Collect$$libinit$$00000001  c_w.l(libinit2.o)
    0x08000212   0x08000212   0x00000000   Code   RO         3174    .ARM.Collect$$libinit$$00000004  c_w.l(libinit2.o)
    0x08000212   0x08000212   0x00000000   Code   RO         3177    .ARM.Collect$$libinit$$0000000A  c_w.l(libinit2.o)
    0x08000212   0x08000212   0x00000000   Code   RO         3179    .ARM.Collect$$libinit$$0000000C  c_w.l(libinit2.o)
    0x08000212   0x08000212   0x00000000   Code   RO         3181    .ARM.Collect$$libinit$$0000000E  c_w.l(libinit2.o)
    0x08000212   0x08000212   0x00000000   Code   RO         3184    .ARM.Collect$$libinit$$00000011  c_w.l(libinit2.o)
    0x08000212   0x08000212   0x00000000   Code   RO         3186    .ARM.Collect$$libinit$$00000013  c_w.l(libinit2.o)
    0x08000212   0x08000212   0x00000000   Code   RO         3188    .ARM.Collect$$libinit$$00000015  c_w.l(libinit2.o)
    0x08000212   0x08000212   0x00000000   Code   RO         3190    .ARM.Collect$$libinit$$00000017  c_w.l(libinit2.o)
    0x08000212   0x08000212   0x00000000   Code   RO         3192    .ARM.Collect$$libinit$$00000019  c_w.l(libinit2.o)
    0x08000212   0x08000212   0x00000000   Code   RO         3194    .ARM.Collect$$libinit$$0000001B  c_w.l(libinit2.o)
    0x08000212   0x08000212   0x00000000   Code   RO         3196    .ARM.Collect$$libinit$$0000001D  c_w.l(libinit2.o)
    0x08000212   0x08000212   0x00000000   Code   RO         3198    .ARM.Collect$$libinit$$0000001F  c_w.l(libinit2.o)
    0x08000212   0x08000212   0x00000000   Code   RO         3200    .ARM.Collect$$libinit$$00000021  c_w.l(libinit2.o)
    0x08000212   0x08000212   0x00000000   Code   RO         3202    .ARM.Collect$$libinit$$00000023  c_w.l(libinit2.o)
    0x08000212   0x08000212   0x00000000   Code   RO         3204    .ARM.Collect$$libinit$$00000025  c_w.l(libinit2.o)
    0x08000212   0x08000212   0x00000000   Code   RO         3208    .ARM.Collect$$libinit$$0000002C  c_w.l(libinit2.o)
    0x08000212   0x08000212   0x00000000   Code   RO         3210    .ARM.Collect$$libinit$$0000002E  c_w.l(libinit2.o)
    0x08000212   0x08000212   0x00000000   Code   RO         3212    .ARM.Collect$$libinit$$00000030  c_w.l(libinit2.o)
    0x08000212   0x08000212   0x00000000   Code   RO         3214    .ARM.Collect$$libinit$$00000032  c_w.l(libinit2.o)
    0x08000212   0x08000212   0x00000002   Code   RO         3215    .ARM.Collect$$libinit$$00000033  c_w.l(libinit2.o)
    0x08000214   0x08000214   0x00000002   Code   RO         3233    .ARM.Collect$$libshutdown$$00000000  c_w.l(libshutdown.o)
    0x08000216   0x08000216   0x00000000   Code   RO         3243    .ARM.Collect$$libshutdown$$00000002  c_w.l(libshutdown2.o)
    0x08000216   0x08000216   0x00000000   Code   RO         3245    .ARM.Collect$$libshutdown$$00000004  c_w.l(libshutdown2.o)
    0x08000216   0x08000216   0x00000000   Code   RO         3248    .ARM.Collect$$libshutdown$$00000007  c_w.l(libshutdown2.o)
    0x08000216   0x08000216   0x00000000   Code   RO         3251    .ARM.Collect$$libshutdown$$0000000A  c_w.l(libshutdown2.o)
    0x08000216   0x08000216   0x00000000   Code   RO         3253    .ARM.Collect$$libshutdown$$0000000C  c_w.l(libshutdown2.o)
    0x08000216   0x08000216   0x00000000   Code   RO         3256    .ARM.Collect$$libshutdown$$0000000F  c_w.l(libshutdown2.o)
    0x08000216   0x08000216   0x00000002   Code   RO         3257    .ARM.Collect$$libshutdown$$00000010  c_w.l(libshutdown2.o)
    0x08000218   0x08000218   0x00000000   Code   RO         3117    .ARM.Collect$$rtentry$$00000000  c_w.l(__rtentry.o)
    0x08000218   0x08000218   0x00000000   Code   RO         3134    .ARM.Collect$$rtentry$$00000002  c_w.l(__rtentry2.o)
    0x08000218   0x08000218   0x00000006   Code   RO         3146    .ARM.Collect$$rtentry$$00000004  c_w.l(__rtentry4.o)
    0x0800021e   0x0800021e   0x00000000   Code   RO         3136    .ARM.Collect$$rtentry$$00000009  c_w.l(__rtentry2.o)
    0x0800021e   0x0800021e   0x00000004   Code   RO         3137    .ARM.Collect$$rtentry$$0000000A  c_w.l(__rtentry2.o)
    0x08000222   0x08000222   0x00000000   Code   RO         3139    .ARM.Collect$$rtentry$$0000000C  c_w.l(__rtentry2.o)
    0x08000222   0x08000222   0x00000008   Code   RO         3140    .ARM.Collect$$rtentry$$0000000D  c_w.l(__rtentry2.o)
    0x0800022a   0x0800022a   0x00000002   Code   RO         3169    .ARM.Collect$$rtexit$$00000000  c_w.l(rtexit.o)
    0x0800022c   0x0800022c   0x00000000   Code   RO         3217    .ARM.Collect$$rtexit$$00000002  c_w.l(rtexit2.o)
    0x0800022c   0x0800022c   0x00000004   Code   RO         3218    .ARM.Collect$$rtexit$$00000003  c_w.l(rtexit2.o)
    0x08000230   0x08000230   0x00000006   Code   RO         3219    .ARM.Collect$$rtexit$$00000004  c_w.l(rtexit2.o)
    0x08000236   0x08000236   0x00000002   PAD
    0x08000238   0x08000238   0x000000b6   Code   RO         1062    .emb_text           port.o
    0x080002ee   0x080002ee   0x00000002   PAD
    0x080002f0   0x080002f0   0x00000040   Code   RO         3015    .text               startup_stm32f40_41xxx.o
    0x08000330   0x08000330   0x00000002   Code   RO         3062    .text               c_w.l(use_no_semi_2.o)
    0x08000332   0x08000332   0x00000002   PAD
    0x08000334   0x08000334   0x00000018   Code   RO         3068    .text               c_w.l(noretval__2printf.o)
    0x0800034c   0x0800034c   0x00000068   Code   RO         3072    .text               c_w.l(__printf.o)
    0x080003b4   0x080003b4   0x00000052   Code   RO         3074    .text               c_w.l(_printf_str.o)
    0x08000406   0x08000406   0x00000002   PAD
    0x08000408   0x08000408   0x00000078   Code   RO         3076    .text               c_w.l(_printf_dec.o)
    0x08000480   0x08000480   0x0000008a   Code   RO         3107    .text               c_w.l(rt_memcpy_v6.o)
    0x0800050a   0x0800050a   0x00000010   Code   RO         3109    .text               c_w.l(aeabi_memset.o)
    0x0800051a   0x0800051a   0x00000006   Code   RO         3111    .text               c_w.l(heapauxi.o)
    0x08000520   0x08000520   0x00000002   Code   RO         3115    .text               c_w.l(use_no_semi.o)
    0x08000522   0x08000522   0x000000b2   Code   RO         3118    .text               c_w.l(_printf_intcommon.o)
    0x080005d4   0x080005d4   0x00000030   Code   RO         3120    .text               c_w.l(_printf_char_common.o)
    0x08000604   0x08000604   0x0000002c   Code   RO         3124    .text               c_w.l(_printf_char.o)
    0x08000630   0x08000630   0x00000024   Code   RO         3126    .text               c_w.l(_printf_char_file.o)
    0x08000654   0x08000654   0x00000064   Code   RO         3129    .text               c_w.l(rt_memcpy_w.o)
    0x080006b8   0x080006b8   0x00000044   Code   RO         3131    .text               c_w.l(rt_memclr.o)
    0x080006fc   0x080006fc   0x00000008   Code   RO         3150    .text               c_w.l(ferror.o)
    0x08000704   0x08000704   0x0000004e   Code   RO         3154    .text               c_w.l(rt_memclr_w.o)
    0x08000752   0x08000752   0x0000004a   Code   RO         3156    .text               c_w.l(sys_stackheap_outer.o)
    0x0800079c   0x0800079c   0x00000012   Code   RO         3158    .text               c_w.l(exit.o)
    0x080007ae   0x080007ae   0x00000002   PAD
    0x080007b0   0x080007b0   0x00000008   Code   RO         3166    .text               c_w.l(libspace.o)
    0x080007b8   0x080007b8   0x00000060   Code   RO         1392    i.AllKeyInit        key_1.o
    0x08000818   0x08000818   0x0000001c   Code   RO         1212    i.Delay_Init        delay.o
    0x08000834   0x08000834   0x0000000a   Code   RO         1290    i.EXTI0_IRQHandler  exti_1.o
    0x0800083e   0x0800083e   0x0000000a   Code   RO         1291    i.EXTI2_IRQHandler  exti_1.o
    0x08000848   0x08000848   0x0000000a   Code   RO         1292    i.EXTI3_IRQHandler  exti_1.o
    0x08000852   0x08000852   0x0000000a   Code   RO         1293    i.EXTI4_IRQHandler  exti_1.o
    0x0800085c   0x0800085c   0x0000000c   Code   RO         1698    i.EXTI_ClearITPendingBit  stm32f4xx_exti.o
    0x08000868   0x08000868   0x0000003c   Code   RO         1213    i.F_delay_ms        delay.o
    0x080008a4   0x080008a4   0x00000028   Code   RO         1215    i.F_delay_s         delay.o
    0x080008cc   0x080008cc   0x00000090   Code   RO         1764    i.GPIO_Init         stm32f4xx_gpio.o
    0x0800095c   0x0800095c   0x00000046   Code   RO         1765    i.GPIO_PinAFConfig  stm32f4xx_gpio.o
    0x080009a2   0x080009a2   0x00000004   Code   RO         1772    i.GPIO_SetBits      stm32f4xx_gpio.o
    0x080009a6   0x080009a6   0x00000002   PAD
    0x080009a8   0x080009a8   0x00000044   Code   RO         1393    i.KEY_Scan          key_1.o
    0x080009ec   0x080009ec   0x00000090   Code   RO         1428    i.Led_Init          led_1.o
    0x08000a7c   0x08000a7c   0x00000078   Code   RO         1649    i.NVIC_Init         misc.o
    0x08000af4   0x08000af4   0x00000014   Code   RO         1650    i.NVIC_PriorityGroupConfig  misc.o
    0x08000b08   0x08000b08   0x00000020   Code   RO         1865    i.RCC_AHB1PeriphClockCmd  stm32f4xx_rcc.o
    0x08000b28   0x08000b28   0x00000020   Code   RO         1877    i.RCC_APB2PeriphClockCmd  stm32f4xx_rcc.o
    0x08000b48   0x08000b48   0x000000e8   Code   RO         1886    i.RCC_GetClocksFreq  stm32f4xx_rcc.o
    0x08000c30   0x08000c30   0x000000ec   Code   RO         3022    i.SetSysClock       system_stm32f4xx.o
    0x08000d1c   0x08000d1c   0x00000028   Code   RO         1653    i.SysTick_CLKSourceConfig  misc.o
    0x08000d44   0x08000d44   0x00000010   Code   RO         1216    i.SysTick_Handler   delay.o
    0x08000d54   0x08000d54   0x00000068   Code   RO         3024    i.SystemInit        system_stm32f4xx.o
    0x08000dbc   0x08000dbc   0x00000018   Code   RO         1482    i.TIM3_IRQHandler   tim_1.o
    0x08000dd4   0x08000dd4   0x00000006   Code   RO         2268    i.TIM_ClearITPendingBit  stm32f4xx_tim.o
    0x08000dda   0x08000dda   0x00000022   Code   RO         2294    i.TIM_GetITStatus   stm32f4xx_tim.o
    0x08000dfc   0x08000dfc   0x00000018   Code   RO         2827    i.USART_Cmd         stm32f4xx_usart.o
    0x08000e14   0x08000e14   0x0000001a   Code   RO         2830    i.USART_GetFlagStatus  stm32f4xx_usart.o
    0x08000e2e   0x08000e2e   0x0000004a   Code   RO         2833    i.USART_ITConfig    stm32f4xx_usart.o
    0x08000e78   0x08000e78   0x000000d4   Code   RO         2834    i.USART_Init        stm32f4xx_usart.o
    0x08000f4c   0x08000f4c   0x00000008   Code   RO         2844    i.USART_SendData    stm32f4xx_usart.o
    0x08000f54   0x08000f54   0x000000ac   Code   RO         1515    i.Usart1_Init       usart.o
    0x08001000   0x08001000   0x00000006   Code   RO         1518    i._sys_exit         usart.o
    0x08001006   0x08001006   0x00000002   PAD
    0x08001008   0x08001008   0x0000004c   Code   RO         1218    i.delay_ms          delay.o
    0x08001054   0x08001054   0x00000024   Code   RO         1519    i.fputc             usart.o
    0x08001078   0x08001078   0x00000050   Code   RO         1574    i.main              main.o
    0x080010c8   0x080010c8   0x00000098   Code   RO          533    i.prvAddCurrentTaskToDelayedList  tasks.o
    0x08001160   0x08001160   0x000000b8   Code   RO          534    i.prvAddNewTaskToReadyList  tasks.o
    0x08001218   0x08001218   0x00000064   Code   RO          920    i.prvCheckForValidListAndQueue  timers.o
    0x0800127c   0x0800127c   0x00000064   Code   RO          535    i.prvCheckTasksWaitingTermination  tasks.o
    0x080012e0   0x080012e0   0x0000002a   Code   RO          285    i.prvCopyDataFromQueue  queue.o
    0x0800130a   0x0800130a   0x0000007c   Code   RO          286    i.prvCopyDataToQueue  queue.o
    0x08001386   0x08001386   0x00000012   Code   RO          536    i.prvDeleteTCB      tasks.o
    0x08001398   0x08001398   0x00000028   Code   RO          921    i.prvGetNextExpireTime  timers.o
    0x080013c0   0x080013c0   0x0000007c   Code   RO         1151    i.prvHeapInit       heap_4.o
    0x0800143c   0x0800143c   0x00000028   Code   RO          537    i.prvIdleTask       tasks.o
    0x08001464   0x08001464   0x0000002e   Code   RO          288    i.prvInitialiseNewQueue  queue.o
    0x08001492   0x08001492   0x00000002   PAD
    0x08001494   0x08001494   0x000000d0   Code   RO          538    i.prvInitialiseNewTask  tasks.o
    0x08001564   0x08001564   0x00000068   Code   RO          539    i.prvInitialiseTaskLists  tasks.o
    0x080015cc   0x080015cc   0x00000068   Code   RO         1152    i.prvInsertBlockIntoFreeList  heap_4.o
    0x08001634   0x08001634   0x00000058   Code   RO          923    i.prvInsertTimerInActiveList  timers.o
    0x0800168c   0x0800168c   0x0000001a   Code   RO          289    i.prvIsQueueEmpty   queue.o
    0x080016a6   0x080016a6   0x0000001e   Code   RO          290    i.prvIsQueueFull    queue.o
    0x080016c4   0x080016c4   0x000000a0   Code   RO          291    i.prvNotifyQueueSetContainer  queue.o
    0x08001764   0x08001764   0x0000007c   Code   RO          924    i.prvProcessExpiredTimer  timers.o
    0x080017e0   0x080017e0   0x00000128   Code   RO          925    i.prvProcessReceivedCommands  timers.o
    0x08001908   0x08001908   0x00000074   Code   RO          926    i.prvProcessTimerOrBlockTask  timers.o
    0x0800197c   0x0800197c   0x00000034   Code   RO          541    i.prvResetNextTaskUnblockTime  tasks.o
    0x080019b0   0x080019b0   0x0000002c   Code   RO          927    i.prvSampleTimeNow  timers.o
    0x080019dc   0x080019dc   0x000000b8   Code   RO          928    i.prvSwitchTimerLists  timers.o
    0x08001a94   0x08001a94   0x00000070   Code   RO         1063    i.prvTaskExitError  port.o
    0x08001b04   0x08001b04   0x00000074   Code   RO          544    i.prvTaskIsTaskSuspended  tasks.o
    0x08001b78   0x08001b78   0x0000001a   Code   RO          929    i.prvTimerTask      timers.o
    0x08001b92   0x08001b92   0x00000092   Code   RO          292    i.prvUnlockQueue    queue.o
    0x08001c24   0x08001c24   0x00000150   Code   RO         1153    i.pvPortMalloc      heap_4.o
    0x08001d74   0x08001d74   0x00000020   Code   RO          546    i.pvTaskIncrementMutexHeldCount  tasks.o
    0x08001d94   0x08001d94   0x0000002c   Code   RO         1064    i.pxPortInitialiseStack  port.o
    0x08001dc0   0x08001dc0   0x000000e4   Code   RO         1575    i.start_task        main.o
    0x08001ea4   0x08001ea4   0x00000030   Code   RO         1576    i.task1             main.o
    0x08001ed4   0x08001ed4   0x00000034   Code   RO         1577    i.task2             main.o
    0x08001f08   0x08001f08   0x000000c8   Code   RO         1578    i.task3             main.o
    0x08001fd0   0x08001fd0   0x00000070   Code   RO         1579    i.task4             main.o
    0x08002040   0x08002040   0x00000068   Code   RO         1580    i.test              main.o
    0x080020a8   0x080020a8   0x00000028   Code   RO          236    i.uxListRemove      list.o
    0x080020d0   0x080020d0   0x0000001a   Code   RO          237    i.vListInitialise   list.o
    0x080020ea   0x080020ea   0x00000006   Code   RO          238    i.vListInitialiseItem  list.o
    0x080020f0   0x080020f0   0x00000034   Code   RO          239    i.vListInsert       list.o
    0x08002124   0x08002124   0x00000018   Code   RO          240    i.vListInsertEnd    list.o
    0x0800213c   0x0800213c   0x00000084   Code   RO         1066    i.vPortEnterCritical  port.o
    0x080021c0   0x080021c0   0x0000006c   Code   RO         1067    i.vPortExitCritical  port.o
    0x0800222c   0x0800222c   0x000000b4   Code   RO         1154    i.vPortFree         heap_4.o
    0x080022e0   0x080022e0   0x00000020   Code   RO         1068    i.vPortSetupTimerInterrupt  port.o
    0x08002300   0x08002300   0x0000009c   Code   RO         1069    i.vPortValidateInterruptPriority  port.o
    0x0800239c   0x0800239c   0x0000002c   Code   RO          298    i.vQueueAddToRegistry  queue.o
    0x080023c8   0x080023c8   0x0000004a   Code   RO          302    i.vQueueWaitForMessageRestricted  queue.o
    0x08002412   0x08002412   0x00000002   PAD
    0x08002414   0x08002414   0x00000074   Code   RO          554    i.vTaskDelay        tasks.o
    0x08002488   0x08002488   0x0000010c   Code   RO          556    i.vTaskDelete       tasks.o
    0x08002594   0x08002594   0x0000000c   Code   RO          560    i.vTaskMissedYield  tasks.o
    0x080025a0   0x080025a0   0x00000054   Code   RO          562    i.vTaskPlaceOnEventList  tasks.o
    0x080025f4   0x080025f4   0x0000005c   Code   RO          563    i.vTaskPlaceOnEventListRestricted  tasks.o
    0x08002650   0x08002650   0x000000b0   Code   RO          565    i.vTaskPriorityInherit  tasks.o
    0x08002700   0x08002700   0x000000ac   Code   RO          567    i.vTaskResume       tasks.o
    0x080027ac   0x080027ac   0x0000004c   Code   RO          569    i.vTaskSetTimeOutState  tasks.o
    0x080027f8   0x080027f8   0x000000ac   Code   RO          570    i.vTaskStartScheduler  tasks.o
    0x080028a4   0x080028a4   0x00000100   Code   RO          571    i.vTaskSuspend      tasks.o
    0x080029a4   0x080029a4   0x00000010   Code   RO          572    i.vTaskSuspendAll   tasks.o
    0x080029b4   0x080029b4   0x000000a8   Code   RO          573    i.vTaskSwitchContext  tasks.o
    0x08002a5c   0x08002a5c   0x00000158   Code   RO         1070    i.xPortStartScheduler  port.o
    0x08002bb4   0x08002bb4   0x00000034   Code   RO         1071    i.xPortSysTickHandler  port.o
    0x08002be8   0x08002be8   0x00000074   Code   RO          307    i.xQueueGenericCreate  queue.o
    0x08002c5c   0x08002c5c   0x000001c8   Code   RO          308    i.xQueueGenericReceive  queue.o
    0x08002e24   0x08002e24   0x000000b0   Code   RO          309    i.xQueueGenericReset  queue.o
    0x08002ed4   0x08002ed4   0x000001c4   Code   RO          310    i.xQueueGenericSend  queue.o
    0x08003098   0x08003098   0x00000110   Code   RO          311    i.xQueueGenericSendFromISR  queue.o
    0x080031a8   0x080031a8   0x000000a0   Code   RO          574    i.xTaskCheckForTimeOut  tasks.o
    0x08003248   0x08003248   0x00000060   Code   RO          575    i.xTaskCreate       tasks.o
    0x080032a8   0x080032a8   0x00000114   Code   RO          576    i.xTaskGenericNotify  tasks.o
    0x080033bc   0x080033bc   0x00000020   Code   RO          580    i.xTaskGetSchedulerState  tasks.o
    0x080033dc   0x080033dc   0x0000000c   Code   RO          581    i.xTaskGetTickCount  tasks.o
    0x080033e8   0x080033e8   0x00000160   Code   RO          583    i.xTaskIncrementTick  tasks.o
    0x08003548   0x08003548   0x000000a0   Code   RO          585    i.xTaskNotifyWait   tasks.o
    0x080035e8   0x080035e8   0x000000d8   Code   RO          586    i.xTaskPriorityDisinherit  tasks.o
    0x080036c0   0x080036c0   0x000000b4   Code   RO          587    i.xTaskRemoveFromEventList  tasks.o
    0x08003774   0x08003774   0x00000120   Code   RO          589    i.xTaskResumeAll    tasks.o
    0x08003894   0x08003894   0x00000070   Code   RO          933    i.xTimerCreateTimerTask  timers.o
    0x08003904   0x08003904   0x000000a0   Code   RO          934    i.xTimerGenericCommand  timers.o
    0x080039a4   0x080039a4   0x0000000a   Code   RO         3225    x$fpl$fpinit        fz_wm.l(fpinit.o)
    0x080039ae   0x080039ae   0x00000002   PAD
    0x080039b0   0x080039b0   0x00000020   Data   RO         3289    Region$$Table       anon$$obj.o


    Execution Region RW_IRAM2 (Exec base: 0x10000000, Load base: 0x08003a90, Size: 0x00000000, Max: 0x00010000, ABSOLUTE)

    **** No section assigned to this execution region ****


    Execution Region RW_IRAM1 (Exec base: 0x20000000, Load base: 0x080039d0, Size: 0x0000c270, Max: 0x00020000, ABSOLUTE)

    Exec Addr    Load Addr    Size         Type   Attr      Idx    E Section Name        Object

    0x20000000   0x080039d0   0x0000003c   Data   RW          592    .data               tasks.o
    0x2000003c   0x08003a0c   0x00000014   Data   RW          942    .data               timers.o
    0x20000050   0x08003a20   0x0000000c   Data   RW         1072    .data               port.o
    0x2000005c   0x08003a2c   0x00000018   Data   RW         1159    .data               heap_4.o
    0x20000074   0x08003a44   0x00000006   Data   RW         1221    .data               delay.o
    0x2000007a   0x08003a4a   0x00000002   PAD
    0x2000007c   0x08003a4c   0x00000004   Data   RW         1521    .data               usart.o
    0x20000080   0x08003a50   0x0000001b   Data   RW         1581    .data               main.o
    0x2000009b   0x08003a6b   0x00000010   Data   RW         1917    .data               stm32f4xx_rcc.o
    0x200000ab   0x08003a7b   0x00000001   PAD
    0x200000ac   0x08003a7c   0x00000014   Data   RW         3025    .data               system_stm32f4xx.o
    0x200000c0        -       0x00000040   Zero   RW          322    .bss                queue.o
    0x20000100        -       0x000002e4   Zero   RW          591    .bss                tasks.o
    0x200003e4        -       0x00000028   Zero   RW          941    .bss                timers.o
    0x2000040c        -       0x0000b800   Zero   RW         1158    .bss                heap_4.o
    0x2000bc0c        -       0x00000060   Zero   RW         3167    .bss                c_w.l(libspace.o)
    0x2000bc6c   0x08003a90   0x00000004   PAD
    0x2000bc70        -       0x00000200   Zero   RW         3013    HEAP                startup_stm32f40_41xxx.o
    0x2000be70        -       0x00000400   Zero   RW         3012    STACK               startup_stm32f40_41xxx.o


==============================================================================

Image component sizes


      Code (inc. data)   RO Data    RW Data    ZI Data      Debug   Object Name

         0          0          0          0          0     309248   croutine.o
       220         16          0          6          0       2938   delay.o
         0          0          0          0          0      11752   event_groups.o
        40          0          0          0          0       9448   exti_1.o
       744        168          0         24      47104       4103   heap_4.o
       164         20          0          0          0       1156   key_1.o
       144          8          0          0          0        571   led_1.o
       148          0          0          0          0       3350   list.o
       824        286          0         27          0       4460   main.o
       180         24          0          0          0       2509   misc.o
      1162        376          0         12          0      11141   port.o
      2164        238          0          0         64      15985   queue.o
        64         26        392          0       1536        872   startup_stm32f40_41xxx.o
        12          6          0          0          0        605   stm32f4xx_exti.o
       218          0          0          0          0       2754   stm32f4xx_gpio.o
       296         30          0         16          0       4466   stm32f4xx_rcc.o
        40          0          0          0          0       2202   stm32f4xx_tim.o
       344          8          0          0          0       4681   stm32f4xx_usart.o
       340         32          0         20          0       2129   system_stm32f4xx.o
      4386       1116          0         60        740      33519   tasks.o
        24          4          0          0          0        498   tim_1.o
      1290        292          0         20         40       8987   timers.o
       214         12          0          4          0       3888   usart.o

    ----------------------------------------------------------------------
     13028       2662        424        192      49484     441262   Object Totals
         0          0         32          0          0          0   (incl. Generated)
        10          0          0          3          0          0   (incl. Padding)

    ----------------------------------------------------------------------

      Code (inc. data)   RO Data    RW Data    ZI Data      Debug   Library Member Name

         8          0          0          0          0         68   __main.o
       104          0          0          0          0         84   __printf.o
         0          0          0          0          0          0   __rtentry.o
        12          0          0          0          0          0   __rtentry2.o
         6          0          0          0          0          0   __rtentry4.o
        52          8          0          0          0          0   __scatter.o
        26          0          0          0          0          0   __scatter_copy.o
        28          0          0          0          0          0   __scatter_zi.o
        44          0          0          0          0        108   _printf_char.o
        48          6          0          0          0         96   _printf_char_common.o
        36          4          0          0          0         80   _printf_char_file.o
         6          0          0          0          0          0   _printf_d.o
       120         16          0          0          0         92   _printf_dec.o
       178          0          0          0          0         88   _printf_intcommon.o
         0          0          0          0          0          0   _printf_percent.o
         4          0          0          0          0          0   _printf_percent_end.o
         6          0          0          0          0          0   _printf_s.o
        82          0          0          0          0         80   _printf_str.o
        16          0          0          0          0         68   aeabi_memset.o
        18          0          0          0          0         80   exit.o
         8          0          0          0          0         68   ferror.o
         6          0          0          0          0        152   heapauxi.o
         2          0          0          0          0          0   libinit.o
         6          0          0          0          0          0   libinit2.o
         2          0          0          0          0          0   libshutdown.o
         2          0          0          0          0          0   libshutdown2.o
         8          4          0          0         96         68   libspace.o
        24          4          0          0          0         84   noretval__2printf.o
        68          0          0          0          0         68   rt_memclr.o
        78          0          0          0          0         80   rt_memclr_w.o
       138          0          0          0          0         68   rt_memcpy_v6.o
       100          0          0          0          0         80   rt_memcpy_w.o
         2          0          0          0          0          0   rtexit.o
        10          0          0          0          0          0   rtexit2.o
        74          0          0          0          0         80   sys_stackheap_outer.o
         2          0          0          0          0         68   use_no_semi.o
         2          0          0          0          0         68   use_no_semi_2.o
        10          0          0          0          0        116   fpinit.o

    ----------------------------------------------------------------------
      1348         42          0          0        100       1844   Library Totals
        12          0          0          0          4          0   (incl. Padding)

    ----------------------------------------------------------------------

      Code (inc. data)   RO Data    RW Data    ZI Data      Debug   Library Name

      1326         42          0          0         96       1728   c_w.l
        10          0          0          0          0        116   fz_wm.l

    ----------------------------------------------------------------------
      1348         42          0          0        100       1844   Library Totals

    ----------------------------------------------------------------------

==============================================================================


      Code (inc. data)   RO Data    RW Data    ZI Data      Debug   

     14376       2704        424        192      49584     430922   Grand Totals
     14376       2704        424        192      49584     430922   ELF Image Totals
     14376       2704        424        192          0          0   ROM Totals

==============================================================================

    Total RO  Size (Code + RO Data)                14800 (  14.45kB)
    Total RW  Size (RW Data + ZI Data)             49776 (  48.61kB)
    Total ROM Size (Code + RO Data + RW Data)      14992 (  14.64kB)

==============================================================================

